market scan 0 / 2140
market scan 200 / 2140
market scan 400 / 2140
market scan 600 / 2140
market scan 800 / 2140
market scan 1000 / 2140
market scan 1200 / 2140
market scan 1400 / 2140
market scan 1600 / 2140
market scan 1800 / 2140
market scan 2000 / 2140
{
  "start": 1789946400,
  "end": 1789992000,
  "lookback": 1789687200,
  "fetch_until": 1789992239,
  "new_spans": [
    [
      1789952400,
      1789956000
    ],
    [
      1789956000,
      1789959600
    ],
    [
      1789959600,
      1789963200
    ],
    [
      1789963200,
      1789966800
    ],
    [
      1789966800,
      1789970400
    ],
    [
      1789970400,
      1789974000
    ],
    [
      1789974000,
      1789977600
    ],
    [
      1789977600,
      1789981200
    ],
    [
      1789981200,
      1789984800
    ],
    [
      1789984800,
      1789988400
    ],
    [
      1789988400,
      1789992000
    ],
    [
      1789992000,
      1789992239
    ]
  ],
  "total_rows": 18720,
  "recent_types": {
    "REDEEM": 442,
    "TRADE": 1242,
    "MERGE": 59,
    "TAKER_REBATE": 1,
    "MAKER_REBATE": 1
  },
  "recent_trade_groups": {
    "btc_1h": 67,
    "doge_15m": 19,
    "bnb_1h": 25,
    "xrp_5m": 30,
    "sol_15m": 28,
    "btc_5m": 535,
    "sol_1d": 26,
    "bnb_5m": 15,
    "eth_5m": 258,
    "sol_5m": 81,
    "sol_1h": 17,
    "eth_15m": 12,
    "eth_1d": 31,
    "eth_1h": 47,
    "btc_1d": 6,
    "doge_5m": 28,
    "xrp_1h": 4,
    "doge_4h": 3,
    "eth_4h": 2,
    "btc_4h": 2,
    "bnb_15m": 5,
    "doge_1h": 1
  },
  "recent_sides": {
    "BUY": 1242
  },
  "market_files": 359
}
