[19:36:35] basladi
[19:36:44] +3116 dolum (toplam 3,116, takip 3,116)
[19:37:12] +0 dolum (toplam 3,116, takip 3,116)
[19:37:39] +0 dolum (toplam 3,116, takip 3,116)
[19:38:07] +946 dolum (toplam 4,062, takip 4,062)
[19:38:35] +0 dolum (toplam 4,062, takip 4,062)
[19:39:03] +0 dolum (toplam 4,062, takip 4,062)
[19:39:31] +0 dolum (toplam 4,062, takip 4,062)
[19:39:59] +0 dolum (toplam 4,062, takip 4,062)
[19:40:27] +91 dolum (toplam 4,153, takip 4,153)
[19:40:55] +115 dolum (toplam 4,268, takip 4,268)
[19:41:23] +0 dolum (toplam 4,268, takip 4,268)
[19:41:51] +0 dolum (toplam 4,268, takip 4,268)
[19:42:18] +0 dolum (toplam 4,268, takip 4,268)
[19:42:46] +497 dolum (toplam 4,765, takip 4,765)
[19:43:14] +609 dolum (toplam 5,374, takip 5,374)
[19:43:42] +499 dolum (toplam 5,873, takip 5,873)
[19:44:10] +0 dolum (toplam 5,873, takip 5,873)
[19:44:38] +0 dolum (toplam 5,873, takip 5,873)
[19:45:06] +0 dolum (toplam 5,873, takip 5,873)
[19:45:34] +63 dolum (toplam 5,936, takip 5,936)
[19:46:02] +911 dolum (toplam 6,847, takip 6,847)
[19:46:30] +0 dolum (toplam 6,847, takip 6,847)
[19:46:57] +0 dolum (toplam 6,847, takip 6,847)
[19:47:25] +0 dolum (toplam 6,847, takip 6,847)
[19:47:53] +0 dolum (toplam 6,847, takip 6,847)
[19:48:21] +0 dolum (toplam 6,847, takip 6,847)
[19:48:49] +330 dolum (toplam 7,177, takip 7,177)
[19:49:17] +877 dolum (toplam 8,054, takip 8,054)
[19:49:45] +0 dolum (toplam 8,054, takip 8,054)
[19:50:13] +19 dolum (toplam 8,073, takip 8,073)
[19:50:41] +86 dolum (toplam 8,159, takip 8,159)
[19:51:09] +56 dolum (toplam 8,215, takip 8,215)
[19:51:36] +0 dolum (toplam 8,215, takip 8,215)
[19:52:04] +0 dolum (toplam 8,215, takip 8,215)
[19:52:32] +0 dolum (toplam 8,215, takip 8,215)
[19:52:59] +0 dolum (toplam 8,215, takip 8,215)
[19:53:27] +0 dolum (toplam 8,215, takip 8,215)
[19:53:55] +482 dolum (toplam 8,697, takip 8,697)
[19:54:23] +787 dolum (toplam 9,484, takip 9,484)
[19:54:51] +0 dolum (toplam 9,484, takip 9,484)
[19:55:18] +77 dolum (toplam 9,561, takip 9,561)
[19:55:46] +1350 dolum (toplam 10,911, takip 10,911)
[19:56:14] +0 dolum (toplam 10,911, takip 10,911)
[19:56:42] +0 dolum (toplam 10,911, takip 10,911)
[19:57:10] +0 dolum (toplam 10,911, takip 10,911)
[19:57:37] +0 dolum (toplam 10,911, takip 10,911)
[19:58:05] +496 dolum (toplam 11,407, takip 11,407)
[19:58:33] +263 dolum (toplam 11,670, takip 11,670)
[19:58:47] basladi (sayfali)
[19:59:00] +8465 dolum (toplam 8,465, takip 8,465) 26 istek 13sn
[19:59:21] +501 dolum (toplam 8,966, takip 8,966) 26 istek 11sn
[19:59:41] +0 dolum (toplam 8,966, takip 8,966) 26 istek 11sn
[20:00:03] +362 dolum (toplam 9,328, takip 9,328) 27 istek 12sn
[20:00:23] +1739 dolum (toplam 11,067, takip 11,067) 22 istek 9sn
[20:00:42] +0 dolum (toplam 11,067, takip 11,067) 22 istek 9sn
[20:01:01] +0 dolum (toplam 11,067, takip 11,067) 22 istek 9sn
[20:01:20] +0 dolum (toplam 11,067, takip 11,067) 22 istek 9sn
[20:01:38] +0 dolum (toplam 11,067, takip 11,067) 22 istek 9sn
[20:01:57] +0 dolum (toplam 11,067, takip 11,067) 22 istek 9sn
[20:02:16] +0 dolum (toplam 11,067, takip 11,067) 22 istek 9sn
[20:02:35] +5 dolum (toplam 11,072, takip 11,072) 22 istek 9sn
[20:02:54] +341 dolum (toplam 11,413, takip 11,413) 22 istek 9sn
[20:03:13] +0 dolum (toplam 11,413, takip 11,413) 22 istek 9sn
[20:03:32] +0 dolum (toplam 11,413, takip 11,413) 22 istek 9sn
[20:03:51] +0 dolum (toplam 11,413, takip 11,413) 22 istek 9sn
[20:04:11] +2 dolum (toplam 11,415, takip 11,415) 22 istek 9sn
[20:04:29] +0 dolum (toplam 11,415, takip 11,415) 22 istek 9sn
[20:04:48] +0 dolum (toplam 11,415, takip 11,415) 22 istek 9sn
[20:05:11] +3118 dolum (toplam 14,533, takip 14,533) 27 istek 12sn
[20:05:29] +34 dolum (toplam 14,567, takip 14,567) 20 istek 9sn
[20:05:47] +0 dolum (toplam 14,567, takip 14,567) 20 istek 8sn
[20:06:05] +0 dolum (toplam 14,567, takip 14,567) 20 istek 8sn
[20:06:24] +0 dolum (toplam 14,567, takip 14,567) 20 istek 8sn
[20:06:42] +0 dolum (toplam 14,567, takip 14,567) 20 istek 8sn
[20:07:00] +0 dolum (toplam 14,567, takip 14,567) 20 istek 8sn
[20:07:18] +0 dolum (toplam 14,567, takip 14,567) 20 istek 8sn
[20:07:36] +44 dolum (toplam 14,611, takip 14,611) 20 istek 8sn
[20:07:55] +77 dolum (toplam 14,688, takip 14,688) 20 istek 8sn
[20:08:13] +0 dolum (toplam 14,688, takip 14,688) 20 istek 8sn
[20:08:32] +0 dolum (toplam 14,688, takip 14,688) 20 istek 9sn
[20:08:51] +0 dolum (toplam 14,688, takip 14,688) 20 istek 9sn
[20:09:09] +0 dolum (toplam 14,688, takip 14,688) 20 istek 8sn
[20:09:27] +0 dolum (toplam 14,688, takip 14,688) 20 istek 8sn
[20:09:46] +0 dolum (toplam 14,688, takip 14,688) 20 istek 8sn
[20:10:05] +207 dolum (toplam 14,895, takip 14,895) 21 istek 10sn
[20:10:21] +512 dolum (toplam 15,407, takip 15,407) 14 istek 6sn
[20:10:37] +0 dolum (toplam 15,407, takip 15,407) 14 istek 6sn
[20:10:52] +0 dolum (toplam 15,407, takip 15,407) 14 istek 5sn
[20:11:08] +0 dolum (toplam 15,407, takip 15,407) 14 istek 6sn
[20:11:23] +0 dolum (toplam 15,407, takip 15,407) 14 istek 5sn
[20:11:38] +0 dolum (toplam 15,407, takip 15,407) 14 istek 5sn
[20:11:54] +0 dolum (toplam 15,407, takip 15,407) 14 istek 5sn
[20:12:09] +0 dolum (toplam 15,407, takip 15,407) 14 istek 5sn
[20:12:26] +0 dolum (toplam 15,407, takip 15,407) 14 istek 7sn
[20:12:42] +0 dolum (toplam 15,407, takip 15,407) 14 istek 5sn
[20:12:57] +0 dolum (toplam 15,407, takip 15,407) 14 istek 5sn
[20:13:13] +0 dolum (toplam 15,407, takip 15,407) 14 istek 6sn
[20:13:30] +0 dolum (toplam 15,407, takip 15,407) 14 istek 7sn
[20:13:45] +0 dolum (toplam 15,407, takip 15,407) 14 istek 5sn
[20:14:00] +0 dolum (toplam 15,407, takip 15,407) 14 istek 6sn
[20:14:16] +0 dolum (toplam 15,407, takip 15,407) 14 istek 5sn
[20:14:31] +0 dolum (toplam 15,407, takip 15,407) 14 istek 5sn
[20:14:46] +0 dolum (toplam 15,407, takip 15,407) 14 istek 5sn
[20:15:02] +0 dolum (toplam 15,407, takip 15,407) 14 istek 6sn
[20:15:17] +29 dolum (toplam 15,436, takip 15,436) 12 istek 5sn
[20:15:31] +0 dolum (toplam 15,436, takip 15,436) 12 istek 5sn
[20:15:46] +0 dolum (toplam 15,436, takip 15,436) 12 istek 5sn
[20:16:00] +0 dolum (toplam 15,436, takip 15,436) 12 istek 4sn
[20:16:14] +0 dolum (toplam 15,436, takip 15,436) 12 istek 4sn
[20:16:29] +0 dolum (toplam 15,436, takip 15,436) 12 istek 5sn
[20:16:43] +0 dolum (toplam 15,436, takip 15,436) 12 istek 4sn
[20:16:58] +0 dolum (toplam 15,436, takip 15,436) 12 istek 4sn
[20:17:12] +0 dolum (toplam 15,436, takip 15,436) 12 istek 4sn
[20:17:27] +0 dolum (toplam 15,436, takip 15,436) 12 istek 4sn
[20:17:41] +0 dolum (toplam 15,436, takip 15,436) 12 istek 4sn
[20:17:55] +0 dolum (toplam 15,436, takip 15,436) 12 istek 4sn
[20:18:10] +0 dolum (toplam 15,436, takip 15,436) 12 istek 5sn
[20:18:24] +0 dolum (toplam 15,436, takip 15,436) 12 istek 5sn
[20:18:39] +0 dolum (toplam 15,436, takip 15,436) 12 istek 4sn
[20:18:53] +0 dolum (toplam 15,436, takip 15,436) 12 istek 4sn
[20:19:07] +0 dolum (toplam 15,436, takip 15,436) 12 istek 4sn
[20:19:21] +0 dolum (toplam 15,436, takip 15,436) 12 istek 4sn
[20:19:36] +0 dolum (toplam 15,436, takip 15,436) 12 istek 4sn
[20:19:50] +0 dolum (toplam 15,436, takip 15,436) 12 istek 4sn
[20:20:05] +22 dolum (toplam 15,458, takip 15,458) 12 istek 5sn
[20:20:19] +0 dolum (toplam 15,458, takip 15,458) 12 istek 4sn
[20:20:33] +0 dolum (toplam 15,458, takip 15,458) 12 istek 4sn
[20:20:48] +0 dolum (toplam 15,458, takip 15,458) 12 istek 4sn
[20:21:03] +0 dolum (toplam 15,458, takip 15,458) 12 istek 5sn
[20:21:18] +0 dolum (toplam 15,458, takip 15,458) 12 istek 5sn
[20:21:32] +0 dolum (toplam 15,458, takip 15,458) 12 istek 5sn
[20:21:46] +0 dolum (toplam 15,458, takip 15,458) 12 istek 4sn
[20:22:01] +0 dolum (toplam 15,458, takip 15,458) 12 istek 5sn
[20:22:15] +0 dolum (toplam 15,458, takip 15,458) 12 istek 4sn
[20:22:30] +0 dolum (toplam 15,458, takip 15,458) 12 istek 4sn
[20:22:44] +0 dolum (toplam 15,458, takip 15,458) 12 istek 4sn
[20:22:58] +0 dolum (toplam 15,458, takip 15,458) 12 istek 4sn
[20:23:13] +0 dolum (toplam 15,458, takip 15,458) 12 istek 5sn
[20:23:27] +0 dolum (toplam 15,458, takip 15,458) 12 istek 5sn
[20:23:42] +0 dolum (toplam 15,458, takip 15,458) 12 istek 4sn
[20:23:56] +0 dolum (toplam 15,458, takip 15,458) 12 istek 5sn
[20:24:11] +0 dolum (toplam 15,458, takip 15,458) 12 istek 5sn
[20:24:26] +0 dolum (toplam 15,458, takip 15,458) 12 istek 5sn
[20:24:40] +0 dolum (toplam 15,458, takip 15,458) 12 istek 4sn
[20:24:55] +0 dolum (toplam 15,458, takip 15,458) 12 istek 5sn
[20:25:11] +4 dolum (toplam 15,462, takip 15,462) 12 istek 6sn
[20:25:25] +0 dolum (toplam 15,462, takip 15,462) 12 istek 4sn
[20:25:40] +0 dolum (toplam 15,462, takip 15,462) 12 istek 4sn
[20:25:54] +0 dolum (toplam 15,462, takip 15,462) 12 istek 4sn
[20:26:08] +0 dolum (toplam 15,462, takip 15,462) 12 istek 4sn
[20:26:23] +0 dolum (toplam 15,462, takip 15,462) 12 istek 4sn
[20:26:38] +0 dolum (toplam 15,462, takip 15,462) 12 istek 5sn
[20:26:52] +0 dolum (toplam 15,462, takip 15,462) 12 istek 4sn
[20:27:06] +0 dolum (toplam 15,462, takip 15,462) 12 istek 4sn
[20:27:22] +0 dolum (toplam 15,462, takip 15,462) 12 istek 6sn
[20:27:36] +0 dolum (toplam 15,462, takip 15,462) 12 istek 4sn
[20:27:51] +0 dolum (toplam 15,462, takip 15,462) 12 istek 4sn
[20:28:05] +0 dolum (toplam 15,462, takip 15,462) 12 istek 4sn
[20:28:20] +0 dolum (toplam 15,462, takip 15,462) 12 istek 4sn
[20:28:35] +0 dolum (toplam 15,462, takip 15,462) 12 istek 5sn
[20:28:49] +0 dolum (toplam 15,462, takip 15,462) 12 istek 4sn
[20:29:04] +0 dolum (toplam 15,462, takip 15,462) 12 istek 5sn
[20:29:18] +0 dolum (toplam 15,462, takip 15,462) 12 istek 4sn
[20:29:33] +0 dolum (toplam 15,462, takip 15,462) 12 istek 5sn
[20:29:47] +0 dolum (toplam 15,462, takip 15,462) 12 istek 4sn
[20:30:01] +0 dolum (toplam 15,462, takip 15,462) 12 istek 4sn
[20:30:17] +6 dolum (toplam 15,468, takip 15,468) 12 istek 5sn
[20:30:31] +0 dolum (toplam 15,468, takip 15,468) 12 istek 4sn
[20:30:45] +0 dolum (toplam 15,468, takip 15,468) 12 istek 5sn
[20:31:00] +0 dolum (toplam 15,468, takip 15,468) 12 istek 4sn
[20:31:14] +0 dolum (toplam 15,468, takip 15,468) 12 istek 4sn
[20:31:30] +0 dolum (toplam 15,468, takip 15,468) 12 istek 6sn
[20:31:44] +0 dolum (toplam 15,468, takip 15,468) 12 istek 5sn
[20:31:59] +0 dolum (toplam 15,468, takip 15,468) 12 istek 4sn
[20:32:13] +0 dolum (toplam 15,468, takip 15,468) 12 istek 4sn
[20:32:27] +0 dolum (toplam 15,468, takip 15,468) 12 istek 4sn
[20:32:42] +0 dolum (toplam 15,468, takip 15,468) 12 istek 4sn
[20:32:57] +0 dolum (toplam 15,468, takip 15,468) 12 istek 5sn
[20:33:11] +0 dolum (toplam 15,468, takip 15,468) 12 istek 4sn
[20:33:25] +0 dolum (toplam 15,468, takip 15,468) 12 istek 4sn
[20:33:41] +0 dolum (toplam 15,468, takip 15,468) 12 istek 5sn
[20:33:55] +0 dolum (toplam 15,468, takip 15,468) 12 istek 4sn
[20:34:09] +0 dolum (toplam 15,468, takip 15,468) 12 istek 4sn
[20:34:24] +0 dolum (toplam 15,468, takip 15,468) 12 istek 4sn
[20:34:39] +0 dolum (toplam 15,468, takip 15,468) 12 istek 5sn
[20:34:53] +0 dolum (toplam 15,468, takip 15,468) 12 istek 5sn
[20:35:09] +4 dolum (toplam 15,472, takip 15,472) 12 istek 5sn
[20:35:23] +0 dolum (toplam 15,472, takip 15,472) 12 istek 4sn
[20:35:37] +0 dolum (toplam 15,472, takip 15,472) 12 istek 4sn
[20:35:52] +0 dolum (toplam 15,472, takip 15,472) 12 istek 4sn
[20:36:06] +0 dolum (toplam 15,472, takip 15,472) 12 istek 4sn
[20:36:20] +0 dolum (toplam 15,472, takip 15,472) 12 istek 4sn
[20:36:35] +0 dolum (toplam 15,472, takip 15,472) 12 istek 5sn
[20:36:50] +0 dolum (toplam 15,472, takip 15,472) 12 istek 4sn
[20:37:04] +0 dolum (toplam 15,472, takip 15,472) 12 istek 4sn
[20:37:23] +0 dolum (toplam 15,472, takip 15,472) 12 istek 10sn
[20:37:38] +0 dolum (toplam 15,472, takip 15,472) 12 istek 5sn
[20:37:53] +0 dolum (toplam 15,472, takip 15,472) 12 istek 5sn
[20:38:08] +0 dolum (toplam 15,472, takip 15,472) 12 istek 5sn
[20:38:22] +0 dolum (toplam 15,472, takip 15,472) 12 istek 4sn
[20:38:37] +0 dolum (toplam 15,472, takip 15,472) 12 istek 4sn
[20:38:51] +0 dolum (toplam 15,472, takip 15,472) 12 istek 5sn
[20:39:06] +0 dolum (toplam 15,472, takip 15,472) 12 istek 5sn
[20:39:20] +0 dolum (toplam 15,472, takip 15,472) 12 istek 4sn
[20:39:35] +0 dolum (toplam 15,472, takip 15,472) 12 istek 5sn
[20:39:50] +0 dolum (toplam 15,472, takip 15,472) 12 istek 5sn
[20:40:06] +2 dolum (toplam 15,474, takip 15,474) 12 istek 6sn
[20:40:20] +0 dolum (toplam 15,474, takip 15,474) 12 istek 4sn
[20:40:35] +0 dolum (toplam 15,474, takip 15,474) 12 istek 4sn
[20:40:49] +0 dolum (toplam 15,474, takip 15,474) 12 istek 4sn
[20:41:03] +0 dolum (toplam 15,474, takip 15,474) 12 istek 4sn
[20:41:18] +0 dolum (toplam 15,474, takip 15,474) 12 istek 5sn
[20:41:33] +0 dolum (toplam 15,474, takip 15,474) 12 istek 5sn
[20:41:48] +0 dolum (toplam 15,474, takip 15,474) 12 istek 4sn
[20:42:02] +0 dolum (toplam 15,474, takip 15,474) 12 istek 4sn
[20:42:17] +0 dolum (toplam 15,474, takip 15,474) 12 istek 5sn
[20:42:31] +0 dolum (toplam 15,474, takip 15,474) 12 istek 5sn
[20:42:46] +0 dolum (toplam 15,474, takip 15,474) 12 istek 5sn
[20:43:01] +0 dolum (toplam 15,474, takip 15,474) 12 istek 4sn
[20:43:15] +0 dolum (toplam 15,474, takip 15,474) 12 istek 5sn
[20:43:30] +0 dolum (toplam 15,474, takip 15,474) 12 istek 5sn
[20:43:44] +0 dolum (toplam 15,474, takip 15,474) 12 istek 4sn
[20:43:59] +0 dolum (toplam 15,474, takip 15,474) 12 istek 4sn
[20:44:13] +0 dolum (toplam 15,474, takip 15,474) 12 istek 4sn
[20:44:28] +0 dolum (toplam 15,474, takip 15,474) 12 istek 5sn
[20:44:45] +0 dolum (toplam 15,474, takip 15,474) 12 istek 7sn
[20:44:59] +0 dolum (toplam 15,474, takip 15,474) 12 istek 4sn
[20:45:14] +2 dolum (toplam 15,476, takip 15,476) 12 istek 5sn
[20:45:29] +0 dolum (toplam 15,476, takip 15,476) 12 istek 5sn
[20:45:44] +0 dolum (toplam 15,476, takip 15,476) 12 istek 5sn
[20:45:58] +0 dolum (toplam 15,476, takip 15,476) 12 istek 5sn
[20:46:13] +0 dolum (toplam 15,476, takip 15,476) 12 istek 4sn
[20:46:27] +0 dolum (toplam 15,476, takip 15,476) 12 istek 4sn
[20:46:42] +0 dolum (toplam 15,476, takip 15,476) 12 istek 5sn
[20:46:56] +0 dolum (toplam 15,476, takip 15,476) 12 istek 5sn
[20:47:10] +0 dolum (toplam 15,476, takip 15,476) 12 istek 4sn
[20:47:25] +0 dolum (toplam 15,476, takip 15,476) 12 istek 4sn
[20:47:40] +0 dolum (toplam 15,476, takip 15,476) 12 istek 5sn
[20:47:54] +0 dolum (toplam 15,476, takip 15,476) 12 istek 5sn
[20:48:09] +0 dolum (toplam 15,476, takip 15,476) 12 istek 4sn
[20:48:23] +0 dolum (toplam 15,476, takip 15,476) 12 istek 4sn
[20:48:37] +0 dolum (toplam 15,476, takip 15,476) 12 istek 4sn
[20:48:52] +0 dolum (toplam 15,476, takip 15,476) 12 istek 4sn
[20:49:06] +0 dolum (toplam 15,476, takip 15,476) 12 istek 5sn
[20:49:21] +0 dolum (toplam 15,476, takip 15,476) 12 istek 4sn
[20:49:35] +0 dolum (toplam 15,476, takip 15,476) 12 istek 5sn
[20:49:49] +0 dolum (toplam 15,476, takip 15,476) 12 istek 4sn
[20:50:04] +0 dolum (toplam 15,476, takip 15,476) 12 istek 4sn
[20:50:18] +2 dolum (toplam 15,478, takip 15,478) 12 istek 5sn
[20:50:33] +0 dolum (toplam 15,478, takip 15,478) 12 istek 4sn
[20:50:47] +0 dolum (toplam 15,478, takip 15,478) 12 istek 4sn
[20:51:01] +0 dolum (toplam 15,478, takip 15,478) 12 istek 4sn
[20:51:15] +0 dolum (toplam 15,478, takip 15,478) 12 istek 4sn
[20:51:29] +0 dolum (toplam 15,478, takip 15,478) 12 istek 4sn
[20:51:44] +0 dolum (toplam 15,478, takip 15,478) 12 istek 4sn
[20:51:58] +0 dolum (toplam 15,478, takip 15,478) 12 istek 4sn
[20:52:12] +0 dolum (toplam 15,478, takip 15,478) 12 istek 4sn
[20:52:26] +0 dolum (toplam 15,478, takip 15,478) 12 istek 4sn
[20:52:40] +0 dolum (toplam 15,478, takip 15,478) 12 istek 4sn
[20:52:54] +0 dolum (toplam 15,478, takip 15,478) 12 istek 4sn
[20:53:09] +0 dolum (toplam 15,478, takip 15,478) 12 istek 4sn
[20:53:23] +0 dolum (toplam 15,478, takip 15,478) 12 istek 4sn
[20:53:37] +0 dolum (toplam 15,478, takip 15,478) 12 istek 4sn
[20:53:51] +0 dolum (toplam 15,478, takip 15,478) 12 istek 4sn
[20:54:06] +0 dolum (toplam 15,478, takip 15,478) 12 istek 5sn
[20:54:20] +0 dolum (toplam 15,478, takip 15,478) 12 istek 4sn
[20:54:34] +0 dolum (toplam 15,478, takip 15,478) 12 istek 4sn
[20:54:49] +0 dolum (toplam 15,478, takip 15,478) 12 istek 4sn
[20:55:03] +0 dolum (toplam 15,478, takip 15,478) 12 istek 4sn
[20:55:17] +12 dolum (toplam 15,490, takip 15,490) 12 istek 5sn
[20:55:32] +0 dolum (toplam 15,490, takip 15,490) 12 istek 4sn
[20:55:46] +0 dolum (toplam 15,490, takip 15,490) 12 istek 4sn
[20:56:00] +0 dolum (toplam 15,490, takip 15,490) 12 istek 4sn
[20:56:14] +0 dolum (toplam 15,490, takip 15,490) 12 istek 4sn
[20:56:28] +0 dolum (toplam 15,490, takip 15,490) 12 istek 4sn
[20:56:42] +0 dolum (toplam 15,490, takip 15,490) 12 istek 4sn
[20:56:57] +0 dolum (toplam 15,490, takip 15,490) 12 istek 4sn
[20:57:11] +0 dolum (toplam 15,490, takip 15,490) 12 istek 4sn
[20:57:25] +0 dolum (toplam 15,490, takip 15,490) 12 istek 4sn
[20:57:39] +0 dolum (toplam 15,490, takip 15,490) 12 istek 4sn
[20:57:53] +0 dolum (toplam 15,490, takip 15,490) 12 istek 4sn
[20:58:08] +0 dolum (toplam 15,490, takip 15,490) 12 istek 4sn
[20:58:22] +0 dolum (toplam 15,490, takip 15,490) 12 istek 4sn
[20:58:36] +0 dolum (toplam 15,490, takip 15,490) 12 istek 4sn
[20:58:50] +0 dolum (toplam 15,490, takip 15,490) 12 istek 4sn
[20:59:04] +0 dolum (toplam 15,490, takip 15,490) 12 istek 4sn
[20:59:18] +0 dolum (toplam 15,490, takip 15,490) 12 istek 4sn
[20:59:33] +0 dolum (toplam 15,490, takip 15,490) 12 istek 4sn
[20:59:47] +0 dolum (toplam 15,490, takip 15,490) 12 istek 4sn
[21:00:01] +0 dolum (toplam 15,490, takip 15,490) 12 istek 4sn
[21:00:16] +2 dolum (toplam 15,492, takip 15,492) 12 istek 5sn
[21:00:30] +0 dolum (toplam 15,492, takip 15,492) 12 istek 4sn
[21:00:44] +0 dolum (toplam 15,492, takip 15,492) 12 istek 4sn
[21:00:59] +0 dolum (toplam 15,492, takip 15,492) 12 istek 4sn
[21:01:13] +0 dolum (toplam 15,492, takip 15,492) 12 istek 4sn
[21:01:27] +0 dolum (toplam 15,492, takip 15,492) 12 istek 4sn
[21:01:41] +0 dolum (toplam 15,492, takip 15,492) 12 istek 4sn
[21:01:55] +0 dolum (toplam 15,492, takip 15,492) 12 istek 4sn
[21:02:09] +0 dolum (toplam 15,492, takip 15,492) 12 istek 4sn
[21:02:24] +0 dolum (toplam 15,492, takip 15,492) 12 istek 4sn
[21:02:38] +0 dolum (toplam 15,492, takip 15,492) 12 istek 4sn
[21:02:52] +0 dolum (toplam 15,492, takip 15,492) 12 istek 4sn
[21:03:06] +0 dolum (toplam 15,492, takip 15,492) 12 istek 4sn
[21:03:20] +0 dolum (toplam 15,492, takip 15,492) 12 istek 4sn
[21:03:35] +0 dolum (toplam 15,492, takip 15,492) 12 istek 4sn
[21:03:49] +0 dolum (toplam 15,492, takip 15,492) 12 istek 4sn
[21:04:03] +0 dolum (toplam 15,492, takip 15,492) 12 istek 4sn
[21:04:17] +0 dolum (toplam 15,492, takip 15,492) 12 istek 4sn
[21:04:32] +0 dolum (toplam 15,492, takip 15,492) 12 istek 4sn
[21:04:46] +0 dolum (toplam 15,492, takip 15,492) 12 istek 4sn
[21:05:00] +0 dolum (toplam 15,492, takip 15,492) 12 istek 4sn
[21:05:15] +2 dolum (toplam 15,494, takip 15,494) 12 istek 5sn
[21:05:29] +0 dolum (toplam 15,494, takip 15,494) 12 istek 4sn
[21:05:43] +0 dolum (toplam 15,494, takip 15,494) 12 istek 4sn
[21:05:57] +0 dolum (toplam 15,494, takip 15,494) 12 istek 4sn
[21:06:12] +0 dolum (toplam 15,494, takip 15,494) 12 istek 4sn
[21:06:26] +0 dolum (toplam 15,494, takip 15,494) 12 istek 4sn
[21:06:40] +0 dolum (toplam 15,494, takip 15,494) 12 istek 4sn
[21:06:54] +0 dolum (toplam 15,494, takip 15,494) 12 istek 4sn
[21:07:08] +0 dolum (toplam 15,494, takip 15,494) 12 istek 4sn
[21:07:22] +0 dolum (toplam 15,494, takip 15,494) 12 istek 4sn
[21:07:37] +0 dolum (toplam 15,494, takip 15,494) 12 istek 4sn
[21:07:51] +0 dolum (toplam 15,494, takip 15,494) 12 istek 4sn
[21:08:05] +0 dolum (toplam 15,494, takip 15,494) 12 istek 5sn
[21:08:20] +0 dolum (toplam 15,494, takip 15,494) 12 istek 4sn
[21:08:34] +0 dolum (toplam 15,494, takip 15,494) 12 istek 4sn
[21:08:48] +0 dolum (toplam 15,494, takip 15,494) 12 istek 4sn
[21:09:03] +0 dolum (toplam 15,494, takip 15,494) 12 istek 4sn
[21:09:17] +0 dolum (toplam 15,494, takip 15,494) 12 istek 4sn
[21:09:31] +0 dolum (toplam 15,494, takip 15,494) 12 istek 4sn
[21:09:46] +0 dolum (toplam 15,494, takip 15,494) 12 istek 4sn
[21:10:00] +0 dolum (toplam 15,494, takip 15,494) 12 istek 4sn
[21:10:15] +2 dolum (toplam 15,496, takip 15,496) 12 istek 5sn
[21:10:29] +0 dolum (toplam 15,496, takip 15,496) 12 istek 4sn
[21:10:43] +0 dolum (toplam 15,496, takip 15,496) 12 istek 4sn
[21:10:58] +0 dolum (toplam 15,496, takip 15,496) 12 istek 4sn
[21:11:13] +0 dolum (toplam 15,496, takip 15,496) 12 istek 6sn
[21:11:28] +0 dolum (toplam 15,496, takip 15,496) 12 istek 4sn
[21:11:42] +0 dolum (toplam 15,496, takip 15,496) 12 istek 4sn
[21:11:57] +0 dolum (toplam 15,496, takip 15,496) 12 istek 5sn
[21:12:11] +0 dolum (toplam 15,496, takip 15,496) 12 istek 4sn
[21:12:26] +0 dolum (toplam 15,496, takip 15,496) 12 istek 4sn
[21:12:40] +0 dolum (toplam 15,496, takip 15,496) 12 istek 5sn
[21:12:55] +0 dolum (toplam 15,496, takip 15,496) 12 istek 4sn
[21:13:09] +0 dolum (toplam 15,496, takip 15,496) 12 istek 5sn
[21:13:23] +0 dolum (toplam 15,496, takip 15,496) 12 istek 4sn
[21:13:38] +0 dolum (toplam 15,496, takip 15,496) 12 istek 4sn
[21:13:52] +0 dolum (toplam 15,496, takip 15,496) 12 istek 4sn
[21:14:07] +0 dolum (toplam 15,496, takip 15,496) 12 istek 5sn
[21:14:22] +0 dolum (toplam 15,496, takip 15,496) 12 istek 5sn
[21:14:38] +0 dolum (toplam 15,496, takip 15,496) 12 istek 6sn
[21:14:54] +0 dolum (toplam 15,496, takip 15,496) 12 istek 6sn
[21:15:09] +2 dolum (toplam 15,498, takip 15,498) 12 istek 5sn
[21:15:24] +0 dolum (toplam 15,498, takip 15,498) 12 istek 5sn
[21:15:38] +0 dolum (toplam 15,498, takip 15,498) 12 istek 4sn
[21:15:53] +0 dolum (toplam 15,498, takip 15,498) 12 istek 5sn
[21:16:07] +0 dolum (toplam 15,498, takip 15,498) 12 istek 5sn
[21:16:22] +0 dolum (toplam 15,498, takip 15,498) 12 istek 5sn
[21:16:36] +0 dolum (toplam 15,498, takip 15,498) 12 istek 5sn
[21:16:51] +0 dolum (toplam 15,498, takip 15,498) 12 istek 5sn
[21:17:06] +0 dolum (toplam 15,498, takip 15,498) 12 istek 5sn
[21:17:20] +0 dolum (toplam 15,498, takip 15,498) 12 istek 4sn
[21:17:34] +0 dolum (toplam 15,498, takip 15,498) 12 istek 4sn
[21:17:49] +0 dolum (toplam 15,498, takip 15,498) 12 istek 5sn
[21:18:03] +0 dolum (toplam 15,498, takip 15,498) 12 istek 4sn
[21:18:18] +0 dolum (toplam 15,498, takip 15,498) 12 istek 4sn
[21:18:32] +0 dolum (toplam 15,498, takip 15,498) 12 istek 4sn
[21:18:46] +0 dolum (toplam 15,498, takip 15,498) 12 istek 4sn
[21:19:02] +0 dolum (toplam 15,498, takip 15,498) 12 istek 6sn
[21:19:17] +0 dolum (toplam 15,498, takip 15,498) 12 istek 4sn
[21:19:31] +0 dolum (toplam 15,498, takip 15,498) 12 istek 4sn
[21:19:47] +0 dolum (toplam 15,498, takip 15,498) 12 istek 6sn
[21:20:02] +0 dolum (toplam 15,498, takip 15,498) 12 istek 4sn
[21:20:17] +2 dolum (toplam 15,500, takip 15,500) 12 istek 5sn
[21:20:31] +0 dolum (toplam 15,500, takip 15,500) 12 istek 4sn
[21:20:45] +0 dolum (toplam 15,500, takip 15,500) 12 istek 4sn
[21:21:00] +0 dolum (toplam 15,500, takip 15,500) 12 istek 5sn
[21:21:15] +0 dolum (toplam 15,500, takip 15,500) 12 istek 5sn
[21:21:31] +0 dolum (toplam 15,500, takip 15,500) 12 istek 6sn
[21:21:46] +0 dolum (toplam 15,500, takip 15,500) 12 istek 5sn
[21:22:00] +0 dolum (toplam 15,500, takip 15,500) 12 istek 4sn
[21:22:14] +0 dolum (toplam 15,500, takip 15,500) 12 istek 4sn
[21:22:29] +0 dolum (toplam 15,500, takip 15,500) 12 istek 5sn
[21:22:44] +0 dolum (toplam 15,500, takip 15,500) 12 istek 5sn
[21:22:58] +0 dolum (toplam 15,500, takip 15,500) 12 istek 5sn
[21:23:13] +0 dolum (toplam 15,500, takip 15,500) 12 istek 5sn
[21:23:28] +0 dolum (toplam 15,500, takip 15,500) 12 istek 5sn
[21:23:42] +0 dolum (toplam 15,500, takip 15,500) 12 istek 4sn
[21:23:57] +0 dolum (toplam 15,500, takip 15,500) 12 istek 5sn
[21:24:13] +0 dolum (toplam 15,500, takip 15,500) 12 istek 5sn
[21:24:28] +0 dolum (toplam 15,500, takip 15,500) 12 istek 5sn
[21:24:43] +0 dolum (toplam 15,500, takip 15,500) 12 istek 5sn
[21:24:59] +0 dolum (toplam 15,500, takip 15,500) 12 istek 6sn
[21:25:14] +2 dolum (toplam 15,502, takip 15,502) 12 istek 6sn
[21:25:29] +0 dolum (toplam 15,502, takip 15,502) 12 istek 5sn
[21:25:44] +0 dolum (toplam 15,502, takip 15,502) 12 istek 4sn
[21:25:58] +0 dolum (toplam 15,502, takip 15,502) 12 istek 5sn
[21:26:14] +0 dolum (toplam 15,502, takip 15,502) 12 istek 6sn
[21:26:28] +0 dolum (toplam 15,502, takip 15,502) 12 istek 4sn
[21:26:44] +0 dolum (toplam 15,502, takip 15,502) 12 istek 6sn
[21:26:58] +0 dolum (toplam 15,502, takip 15,502) 12 istek 4sn
[21:27:13] +0 dolum (toplam 15,502, takip 15,502) 12 istek 5sn
[21:27:27] +0 dolum (toplam 15,502, takip 15,502) 12 istek 4sn
[21:27:42] +0 dolum (toplam 15,502, takip 15,502) 12 istek 5sn
[21:27:56] +0 dolum (toplam 15,502, takip 15,502) 12 istek 5sn
[21:28:10] +0 dolum (toplam 15,502, takip 15,502) 12 istek 4sn
[21:28:25] +0 dolum (toplam 15,502, takip 15,502) 12 istek 5sn
[21:28:39] +0 dolum (toplam 15,502, takip 15,502) 12 istek 4sn
[21:28:54] +0 dolum (toplam 15,502, takip 15,502) 12 istek 5sn
[21:29:09] +0 dolum (toplam 15,502, takip 15,502) 12 istek 4sn
[21:29:23] +0 dolum (toplam 15,502, takip 15,502) 12 istek 4sn
[21:29:37] +0 dolum (toplam 15,502, takip 15,502) 12 istek 4sn
[21:29:53] +0 dolum (toplam 15,502, takip 15,502) 12 istek 5sn
[21:30:08] +0 dolum (toplam 15,502, takip 15,502) 12 istek 5sn
[21:30:22] +0 dolum (toplam 15,502, takip 15,502) 12 istek 4sn
[21:30:37] +0 dolum (toplam 15,502, takip 15,502) 12 istek 5sn
[21:30:52] +0 dolum (toplam 15,502, takip 15,502) 12 istek 5sn
[21:31:06] +0 dolum (toplam 15,502, takip 15,502) 12 istek 5sn
[21:31:21] +0 dolum (toplam 15,502, takip 15,502) 12 istek 4sn
[21:31:35] +0 dolum (toplam 15,502, takip 15,502) 12 istek 5sn
[21:31:49] +0 dolum (toplam 15,502, takip 15,502) 12 istek 4sn
[21:32:04] +0 dolum (toplam 15,502, takip 15,502) 12 istek 5sn
[21:32:21] +0 dolum (toplam 15,502, takip 15,502) 12 istek 6sn
[21:32:35] +0 dolum (toplam 15,502, takip 15,502) 12 istek 5sn
[21:32:50] +0 dolum (toplam 15,502, takip 15,502) 12 istek 4sn
[21:33:05] +0 dolum (toplam 15,502, takip 15,502) 12 istek 5sn
[21:33:19] +0 dolum (toplam 15,502, takip 15,502) 12 istek 4sn
[21:33:35] +0 dolum (toplam 15,502, takip 15,502) 12 istek 6sn
[21:33:49] +0 dolum (toplam 15,502, takip 15,502) 12 istek 4sn
[21:34:04] +0 dolum (toplam 15,502, takip 15,502) 12 istek 4sn
[21:34:18] +0 dolum (toplam 15,502, takip 15,502) 12 istek 5sn
[21:34:33] +0 dolum (toplam 15,502, takip 15,502) 12 istek 4sn
[21:34:48] +0 dolum (toplam 15,502, takip 15,502) 12 istek 5sn
[21:35:02] +0 dolum (toplam 15,502, takip 15,502) 12 istek 4sn
[21:35:17] +0 dolum (toplam 15,502, takip 15,502) 12 istek 5sn
[21:35:33] +0 dolum (toplam 15,502, takip 15,502) 12 istek 6sn
[21:35:47] +0 dolum (toplam 15,502, takip 15,502) 12 istek 4sn
[21:36:04] +0 dolum (toplam 15,502, takip 15,502) 12 istek 7sn
[21:36:19] +0 dolum (toplam 15,502, takip 15,502) 12 istek 5sn
[21:36:34] +0 dolum (toplam 15,502, takip 15,502) 12 istek 4sn
[21:36:48] +0 dolum (toplam 15,502, takip 15,502) 12 istek 4sn
[21:37:02] +0 dolum (toplam 15,502, takip 15,502) 12 istek 4sn
[21:37:17] +0 dolum (toplam 15,502, takip 15,502) 12 istek 5sn
[21:37:32] +0 dolum (toplam 15,502, takip 15,502) 12 istek 4sn
[21:37:46] +0 dolum (toplam 15,502, takip 15,502) 12 istek 4sn
[21:38:01] +0 dolum (toplam 15,502, takip 15,502) 12 istek 5sn
[21:38:16] +0 dolum (toplam 15,502, takip 15,502) 12 istek 5sn
[21:38:32] +0 dolum (toplam 15,502, takip 15,502) 12 istek 6sn
[21:38:47] +0 dolum (toplam 15,502, takip 15,502) 12 istek 5sn
[21:39:01] +0 dolum (toplam 15,502, takip 15,502) 12 istek 4sn
[21:39:16] +0 dolum (toplam 15,502, takip 15,502) 12 istek 5sn
[21:39:31] +0 dolum (toplam 15,502, takip 15,502) 12 istek 5sn
[21:39:46] +0 dolum (toplam 15,502, takip 15,502) 12 istek 5sn
[21:40:00] +0 dolum (toplam 15,502, takip 15,502) 12 istek 4sn
[21:40:16] +0 dolum (toplam 15,502, takip 15,502) 12 istek 5sn
[21:40:30] +0 dolum (toplam 15,502, takip 15,502) 12 istek 4sn
[21:40:44] +0 dolum (toplam 15,502, takip 15,502) 12 istek 4sn
[21:40:59] +0 dolum (toplam 15,502, takip 15,502) 12 istek 4sn
[21:41:13] +0 dolum (toplam 15,502, takip 15,502) 12 istek 4sn
[21:41:28] +0 dolum (toplam 15,502, takip 15,502) 12 istek 4sn
[21:41:43] +0 dolum (toplam 15,502, takip 15,502) 12 istek 6sn
[21:41:59] +0 dolum (toplam 15,502, takip 15,502) 12 istek 6sn
[21:42:14] +0 dolum (toplam 15,502, takip 15,502) 12 istek 6sn
[21:42:29] +0 dolum (toplam 15,502, takip 15,502) 12 istek 5sn
[21:42:45] +0 dolum (toplam 15,502, takip 15,502) 12 istek 6sn
[21:42:59] +0 dolum (toplam 15,502, takip 15,502) 12 istek 4sn
[21:43:14] +0 dolum (toplam 15,502, takip 15,502) 12 istek 4sn
[21:43:29] +0 dolum (toplam 15,502, takip 15,502) 12 istek 5sn
[21:43:43] +0 dolum (toplam 15,502, takip 15,502) 12 istek 4sn
[21:44:00] +0 dolum (toplam 15,502, takip 15,502) 12 istek 7sn
[21:44:15] +0 dolum (toplam 15,502, takip 15,502) 12 istek 5sn
[21:44:29] +0 dolum (toplam 15,502, takip 15,502) 12 istek 4sn
[21:44:43] +0 dolum (toplam 15,502, takip 15,502) 12 istek 4sn
[21:44:58] +0 dolum (toplam 15,502, takip 15,502) 12 istek 4sn
[21:45:13] +0 dolum (toplam 15,502, takip 15,502) 12 istek 5sn
[21:45:27] +0 dolum (toplam 15,502, takip 15,502) 12 istek 4sn
[21:45:42] +0 dolum (toplam 15,502, takip 15,502) 12 istek 4sn
[21:45:56] +0 dolum (toplam 15,502, takip 15,502) 12 istek 5sn
[21:46:11] +0 dolum (toplam 15,502, takip 15,502) 12 istek 4sn
[21:46:25] +0 dolum (toplam 15,502, takip 15,502) 12 istek 4sn
[21:46:40] +0 dolum (toplam 15,502, takip 15,502) 12 istek 4sn
[21:46:54] +0 dolum (toplam 15,502, takip 15,502) 12 istek 4sn
[21:47:08] +0 dolum (toplam 15,502, takip 15,502) 12 istek 4sn
[21:47:22] +0 dolum (toplam 15,502, takip 15,502) 12 istek 4sn
[21:47:37] +0 dolum (toplam 15,502, takip 15,502) 12 istek 4sn
[21:47:51] +0 dolum (toplam 15,502, takip 15,502) 12 istek 4sn
[21:48:05] +0 dolum (toplam 15,502, takip 15,502) 12 istek 5sn
[21:48:20] +0 dolum (toplam 15,502, takip 15,502) 12 istek 5sn
[21:48:35] +0 dolum (toplam 15,502, takip 15,502) 12 istek 4sn
[21:48:49] +0 dolum (toplam 15,502, takip 15,502) 12 istek 4sn
[21:49:04] +0 dolum (toplam 15,502, takip 15,502) 12 istek 5sn
[21:49:18] +0 dolum (toplam 15,502, takip 15,502) 12 istek 4sn
[21:49:32] +0 dolum (toplam 15,502, takip 15,502) 12 istek 4sn
[21:49:46] +0 dolum (toplam 15,502, takip 15,502) 12 istek 4sn
[21:50:01] +0 dolum (toplam 15,502, takip 15,502) 12 istek 4sn
[21:50:16] +0 dolum (toplam 15,502, takip 15,502) 12 istek 5sn
[21:50:30] +0 dolum (toplam 15,502, takip 15,502) 12 istek 4sn
[21:50:44] +0 dolum (toplam 15,502, takip 15,502) 12 istek 4sn
[21:50:58] +0 dolum (toplam 15,502, takip 15,502) 12 istek 4sn
[21:51:13] +0 dolum (toplam 15,502, takip 15,502) 12 istek 5sn
[21:51:28] +0 dolum (toplam 15,502, takip 15,502) 12 istek 4sn
[21:51:42] +0 dolum (toplam 15,502, takip 15,502) 12 istek 4sn
[21:51:56] +0 dolum (toplam 15,502, takip 15,502) 12 istek 4sn
[21:52:11] +0 dolum (toplam 15,502, takip 15,502) 12 istek 4sn
[21:52:25] +0 dolum (toplam 15,502, takip 15,502) 12 istek 5sn
[21:52:40] +0 dolum (toplam 15,502, takip 15,502) 12 istek 4sn
[21:52:55] +0 dolum (toplam 15,502, takip 15,502) 12 istek 5sn
[21:53:10] +0 dolum (toplam 15,502, takip 15,502) 12 istek 4sn
[21:53:24] +0 dolum (toplam 15,502, takip 15,502) 12 istek 5sn
[21:53:39] +0 dolum (toplam 15,502, takip 15,502) 12 istek 4sn
[21:53:53] +0 dolum (toplam 15,502, takip 15,502) 12 istek 4sn
[21:54:07] +0 dolum (toplam 15,502, takip 15,502) 12 istek 4sn
[21:54:21] +0 dolum (toplam 15,502, takip 15,502) 12 istek 4sn
[21:54:36] +0 dolum (toplam 15,502, takip 15,502) 12 istek 4sn
[21:54:50] +0 dolum (toplam 15,502, takip 15,502) 12 istek 4sn
[21:55:05] +0 dolum (toplam 15,502, takip 15,502) 12 istek 5sn
[21:55:19] +0 dolum (toplam 15,502, takip 15,502) 12 istek 4sn
[21:55:34] +0 dolum (toplam 15,502, takip 15,502) 12 istek 4sn
[21:55:48] +0 dolum (toplam 15,502, takip 15,502) 12 istek 4sn
[21:56:02] +0 dolum (toplam 15,502, takip 15,502) 12 istek 4sn
[21:56:17] +0 dolum (toplam 15,502, takip 15,502) 12 istek 4sn
[21:56:31] +0 dolum (toplam 15,502, takip 15,502) 12 istek 4sn
[21:56:45] +0 dolum (toplam 15,502, takip 15,502) 12 istek 4sn
[21:56:59] +0 dolum (toplam 15,502, takip 15,502) 12 istek 4sn
[21:57:14] +0 dolum (toplam 15,502, takip 15,502) 12 istek 4sn
[21:57:28] +0 dolum (toplam 15,502, takip 15,502) 12 istek 4sn
[21:57:42] +0 dolum (toplam 15,502, takip 15,502) 12 istek 4sn
[21:57:56] +0 dolum (toplam 15,502, takip 15,502) 12 istek 4sn
[21:58:10] +0 dolum (toplam 15,502, takip 15,502) 12 istek 4sn
[21:58:25] +68 dolum (toplam 15,570, takip 15,570) 12 istek 4sn
[21:58:39] +0 dolum (toplam 15,570, takip 15,570) 12 istek 4sn
[21:58:53] +0 dolum (toplam 15,570, takip 15,570) 12 istek 4sn
[21:59:07] +0 dolum (toplam 15,570, takip 15,570) 12 istek 4sn
[21:59:22] +0 dolum (toplam 15,570, takip 15,570) 12 istek 4sn
[21:59:36] +0 dolum (toplam 15,570, takip 15,570) 12 istek 4sn
[21:59:50] +0 dolum (toplam 15,570, takip 15,570) 12 istek 4sn
[22:00:05] +305 dolum (toplam 15,875, takip 15,875) 12 istek 5sn
[22:00:19] +58 dolum (toplam 15,933, takip 15,933) 12 istek 4sn
[22:00:33] +0 dolum (toplam 15,933, takip 15,933) 12 istek 4sn
[22:00:48] +0 dolum (toplam 15,933, takip 15,933) 12 istek 4sn
[22:01:02] +0 dolum (toplam 15,933, takip 15,933) 12 istek 4sn
[22:01:16] +0 dolum (toplam 15,933, takip 15,933) 12 istek 4sn
[22:01:30] +0 dolum (toplam 15,933, takip 15,933) 12 istek 4sn
[22:01:45] +0 dolum (toplam 15,933, takip 15,933) 12 istek 4sn
[22:01:59] +0 dolum (toplam 15,933, takip 15,933) 12 istek 4sn
[22:02:13] +0 dolum (toplam 15,933, takip 15,933) 12 istek 4sn
[22:02:27] +0 dolum (toplam 15,933, takip 15,933) 12 istek 4sn
[22:02:41] +0 dolum (toplam 15,933, takip 15,933) 12 istek 4sn
[22:02:56] +0 dolum (toplam 15,933, takip 15,933) 12 istek 4sn
[22:03:10] +0 dolum (toplam 15,933, takip 15,933) 12 istek 4sn
[22:03:24] +228 dolum (toplam 16,161, takip 16,161) 12 istek 4sn
[22:03:39] +0 dolum (toplam 16,161, takip 16,161) 12 istek 4sn
[22:03:53] +0 dolum (toplam 16,161, takip 16,161) 12 istek 4sn
[22:04:07] +0 dolum (toplam 16,161, takip 16,161) 12 istek 4sn
[22:04:22] +0 dolum (toplam 16,161, takip 16,161) 12 istek 4sn
[22:04:36] +0 dolum (toplam 16,161, takip 16,161) 12 istek 4sn
[22:04:50] +0 dolum (toplam 16,161, takip 16,161) 12 istek 4sn
[22:05:06] +1484 dolum (toplam 17,645, takip 17,645) 14 istek 6sn
[22:05:27] +5856 dolum (toplam 23,501, takip 23,501) 25 istek 11sn
[22:05:48] +0 dolum (toplam 23,501, takip 23,501) 25 istek 10sn
[22:06:08] +0 dolum (toplam 23,501, takip 23,501) 25 istek 10sn
[22:06:28] +0 dolum (toplam 23,501, takip 23,501) 25 istek 10sn
[22:06:48] +0 dolum (toplam 23,501, takip 23,501) 25 istek 10sn
[22:07:08] +0 dolum (toplam 23,501, takip 23,501) 25 istek 10sn
[22:07:29] +0 dolum (toplam 23,501, takip 23,501) 25 istek 10sn
[22:07:49] +0 dolum (toplam 23,501, takip 23,501) 25 istek 10sn
[22:08:09] +0 dolum (toplam 23,501, takip 23,501) 25 istek 10sn
[22:08:30] +14 dolum (toplam 23,515, takip 23,515) 25 istek 10sn
[22:08:50] +0 dolum (toplam 23,515, takip 23,515) 25 istek 10sn
[22:09:10] +0 dolum (toplam 23,515, takip 23,515) 25 istek 10sn
[22:09:31] +0 dolum (toplam 23,515, takip 23,515) 25 istek 10sn
[22:09:51] +0 dolum (toplam 23,515, takip 23,515) 25 istek 10sn
[22:10:10] +761 dolum (toplam 24,276, takip 24,276) 19 istek 9sn
[22:10:29] +2773 dolum (toplam 27,049, takip 27,049) 23 istek 10sn
[22:10:49] +0 dolum (toplam 27,049, takip 27,049) 23 istek 9sn
[22:11:08] +0 dolum (toplam 27,049, takip 27,049) 23 istek 9sn
[22:11:27] +0 dolum (toplam 27,049, takip 27,049) 23 istek 9sn
[22:11:47] +0 dolum (toplam 27,049, takip 27,049) 23 istek 9sn
[22:12:06] +0 dolum (toplam 27,049, takip 27,049) 23 istek 9sn
[22:12:25] +0 dolum (toplam 27,049, takip 27,049) 23 istek 9sn
[22:12:45] +0 dolum (toplam 27,049, takip 27,049) 23 istek 9sn
[22:13:04] +0 dolum (toplam 27,049, takip 27,049) 23 istek 9sn
[22:13:24] +658 dolum (toplam 27,707, takip 27,707) 23 istek 10sn
[22:13:43] +58 dolum (toplam 27,765, takip 27,765) 23 istek 10sn
[22:14:03] +178 dolum (toplam 27,943, takip 27,943) 23 istek 10sn
[22:14:22] +0 dolum (toplam 27,943, takip 27,943) 23 istek 10sn
[22:14:42] +0 dolum (toplam 27,943, takip 27,943) 23 istek 10sn
[22:15:02] +20 dolum (toplam 27,963, takip 27,963) 23 istek 10sn
[22:15:19] +44 dolum (toplam 28,007, takip 28,007) 16 istek 7sn
[22:15:35] +7 dolum (toplam 28,014, takip 28,014) 16 istek 6sn
[22:15:51] +0 dolum (toplam 28,014, takip 28,014) 16 istek 6sn
[22:16:08] +0 dolum (toplam 28,014, takip 28,014) 16 istek 6sn
[22:16:24] +0 dolum (toplam 28,014, takip 28,014) 16 istek 6sn
[22:16:40] +0 dolum (toplam 28,014, takip 28,014) 16 istek 6sn
[22:16:56] +0 dolum (toplam 28,014, takip 28,014) 16 istek 6sn
[22:17:13] +0 dolum (toplam 28,014, takip 28,014) 16 istek 6sn
[22:17:29] +0 dolum (toplam 28,014, takip 28,014) 16 istek 6sn
[22:17:45] +0 dolum (toplam 28,014, takip 28,014) 16 istek 6sn
[22:18:01] +0 dolum (toplam 28,014, takip 28,014) 16 istek 6sn
[22:18:18] +0 dolum (toplam 28,014, takip 28,014) 16 istek 6sn
[22:18:39] +4137 dolum (toplam 32,151, takip 32,151) 25 istek 11sn
[22:18:59] +857 dolum (toplam 33,008, takip 33,008) 26 istek 11sn
[22:19:20] +39 dolum (toplam 33,047, takip 33,047) 26 istek 11sn
[22:19:41] +0 dolum (toplam 33,047, takip 33,047) 26 istek 11sn
[22:20:03] +723 dolum (toplam 33,770, takip 33,770) 27 istek 12sn
[22:20:23] +26 dolum (toplam 33,796, takip 33,796) 23 istek 10sn
[22:20:42] +0 dolum (toplam 33,796, takip 33,796) 23 istek 9sn
[22:21:01] +0 dolum (toplam 33,796, takip 33,796) 23 istek 9sn
[22:21:21] +0 dolum (toplam 33,796, takip 33,796) 23 istek 9sn
[22:21:40] +0 dolum (toplam 33,796, takip 33,796) 23 istek 9sn
[22:21:59] +0 dolum (toplam 33,796, takip 33,796) 23 istek 9sn
[22:22:18] +0 dolum (toplam 33,796, takip 33,796) 23 istek 9sn
[22:22:38] +0 dolum (toplam 33,796, takip 33,796) 23 istek 9sn
[22:22:57] +0 dolum (toplam 33,796, takip 33,796) 23 istek 9sn
[22:23:16] +0 dolum (toplam 33,796, takip 33,796) 23 istek 9sn
[22:23:36] +500 dolum (toplam 34,296, takip 34,296) 23 istek 10sn
[22:23:55] +0 dolum (toplam 34,296, takip 34,296) 23 istek 9sn
[22:24:15] +6 dolum (toplam 34,302, takip 34,302) 23 istek 9sn
[22:24:34] +0 dolum (toplam 34,302, takip 34,302) 23 istek 9sn
[22:24:53] +0 dolum (toplam 34,302, takip 34,302) 23 istek 9sn
[22:25:08] +21 dolum (toplam 34,323, takip 34,323) 13 istek 5sn
[22:25:23] +0 dolum (toplam 34,323, takip 34,323) 13 istek 5sn
[22:25:38] +0 dolum (toplam 34,323, takip 34,323) 13 istek 5sn
[22:25:52] +0 dolum (toplam 34,323, takip 34,323) 13 istek 5sn
[22:26:07] +0 dolum (toplam 34,323, takip 34,323) 13 istek 5sn
[22:26:22] +0 dolum (toplam 34,323, takip 34,323) 13 istek 5sn
[22:26:36] +0 dolum (toplam 34,323, takip 34,323) 13 istek 5sn
[22:26:51] +0 dolum (toplam 34,323, takip 34,323) 13 istek 5sn
[22:27:06] +0 dolum (toplam 34,323, takip 34,323) 13 istek 5sn
[22:27:20] +0 dolum (toplam 34,323, takip 34,323) 13 istek 5sn
[22:27:35] +0 dolum (toplam 34,323, takip 34,323) 13 istek 5sn
[22:27:50] +0 dolum (toplam 34,323, takip 34,323) 13 istek 5sn
[22:28:04] +0 dolum (toplam 34,323, takip 34,323) 13 istek 5sn
[22:28:19] +0 dolum (toplam 34,323, takip 34,323) 13 istek 5sn
[22:28:34] +0 dolum (toplam 34,323, takip 34,323) 13 istek 5sn
[22:28:48] +0 dolum (toplam 34,323, takip 34,323) 13 istek 5sn
[22:29:03] +0 dolum (toplam 34,323, takip 34,323) 13 istek 5sn
[22:29:19] +0 dolum (toplam 34,323, takip 34,323) 13 istek 5sn
[22:29:33] +0 dolum (toplam 34,323, takip 34,323) 13 istek 5sn
[22:29:48] +0 dolum (toplam 34,323, takip 34,323) 13 istek 5sn
[22:30:03] +0 dolum (toplam 34,323, takip 34,323) 13 istek 5sn
[22:30:17] +18 dolum (toplam 34,341, takip 34,341) 12 istek 5sn
[22:30:32] +0 dolum (toplam 34,341, takip 34,341) 12 istek 4sn
[22:30:46] +0 dolum (toplam 34,341, takip 34,341) 12 istek 4sn
[22:31:00] +0 dolum (toplam 34,341, takip 34,341) 12 istek 4sn
[22:31:14] +0 dolum (toplam 34,341, takip 34,341) 12 istek 4sn
[22:31:28] +0 dolum (toplam 34,341, takip 34,341) 12 istek 4sn
[22:31:42] +0 dolum (toplam 34,341, takip 34,341) 12 istek 4sn
[22:31:56] +0 dolum (toplam 34,341, takip 34,341) 12 istek 4sn
[22:32:11] +0 dolum (toplam 34,341, takip 34,341) 12 istek 4sn
[22:32:25] +0 dolum (toplam 34,341, takip 34,341) 12 istek 4sn
[22:32:39] +0 dolum (toplam 34,341, takip 34,341) 12 istek 4sn
[22:32:53] +0 dolum (toplam 34,341, takip 34,341) 12 istek 4sn
[22:33:07] +0 dolum (toplam 34,341, takip 34,341) 12 istek 4sn
[22:33:21] +0 dolum (toplam 34,341, takip 34,341) 12 istek 4sn
[22:33:36] +0 dolum (toplam 34,341, takip 34,341) 12 istek 4sn
[22:33:50] +0 dolum (toplam 34,341, takip 34,341) 12 istek 4sn
[22:34:04] +0 dolum (toplam 34,341, takip 34,341) 12 istek 4sn
[22:34:18] +0 dolum (toplam 34,341, takip 34,341) 12 istek 4sn
[22:34:33] +0 dolum (toplam 34,341, takip 34,341) 12 istek 4sn
[22:34:47] +0 dolum (toplam 34,341, takip 34,341) 12 istek 4sn
[22:35:01] +0 dolum (toplam 34,341, takip 34,341) 12 istek 4sn
[22:35:16] +8 dolum (toplam 34,349, takip 34,349) 12 istek 5sn
[22:35:30] +0 dolum (toplam 34,349, takip 34,349) 12 istek 4sn
[22:35:44] +0 dolum (toplam 34,349, takip 34,349) 12 istek 4sn
[22:35:59] +0 dolum (toplam 34,349, takip 34,349) 12 istek 4sn
[22:36:13] +0 dolum (toplam 34,349, takip 34,349) 12 istek 4sn
[22:36:27] +0 dolum (toplam 34,349, takip 34,349) 12 istek 4sn
[22:36:41] +0 dolum (toplam 34,349, takip 34,349) 12 istek 4sn
[22:36:55] +0 dolum (toplam 34,349, takip 34,349) 12 istek 4sn
[22:37:10] +0 dolum (toplam 34,349, takip 34,349) 12 istek 4sn
[22:37:24] +0 dolum (toplam 34,349, takip 34,349) 12 istek 4sn
[22:37:38] +0 dolum (toplam 34,349, takip 34,349) 12 istek 4sn
[22:37:52] +0 dolum (toplam 34,349, takip 34,349) 12 istek 4sn
[22:38:06] +0 dolum (toplam 34,349, takip 34,349) 12 istek 4sn
[22:38:20] +0 dolum (toplam 34,349, takip 34,349) 12 istek 4sn
[22:38:35] +0 dolum (toplam 34,349, takip 34,349) 12 istek 4sn
[22:38:49] +0 dolum (toplam 34,349, takip 34,349) 12 istek 4sn
[22:39:03] +0 dolum (toplam 34,349, takip 34,349) 12 istek 4sn
[22:39:18] +0 dolum (toplam 34,349, takip 34,349) 12 istek 4sn
[22:39:32] +0 dolum (toplam 34,349, takip 34,349) 12 istek 4sn
[22:39:46] +0 dolum (toplam 34,349, takip 34,349) 12 istek 4sn
[22:40:00] +0 dolum (toplam 34,349, takip 34,349) 12 istek 4sn
[22:40:15] +8 dolum (toplam 34,357, takip 34,357) 12 istek 5sn
[22:40:29] +0 dolum (toplam 34,357, takip 34,357) 12 istek 4sn
[22:40:43] +0 dolum (toplam 34,357, takip 34,357) 12 istek 4sn
[22:40:57] +0 dolum (toplam 34,357, takip 34,357) 12 istek 4sn
[22:41:12] +0 dolum (toplam 34,357, takip 34,357) 12 istek 4sn
[22:41:26] +0 dolum (toplam 34,357, takip 34,357) 12 istek 4sn
[22:41:40] +0 dolum (toplam 34,357, takip 34,357) 12 istek 4sn
[22:41:54] +0 dolum (toplam 34,357, takip 34,357) 12 istek 4sn
[22:42:08] +0 dolum (toplam 34,357, takip 34,357) 12 istek 4sn
[22:42:22] +0 dolum (toplam 34,357, takip 34,357) 12 istek 4sn
[22:42:36] +0 dolum (toplam 34,357, takip 34,357) 12 istek 4sn
[22:42:50] +0 dolum (toplam 34,357, takip 34,357) 12 istek 4sn
[22:43:05] +0 dolum (toplam 34,357, takip 34,357) 12 istek 4sn
[22:43:19] +0 dolum (toplam 34,357, takip 34,357) 12 istek 4sn
[22:43:33] +0 dolum (toplam 34,357, takip 34,357) 12 istek 4sn
[22:43:47] +0 dolum (toplam 34,357, takip 34,357) 12 istek 4sn
[22:44:02] +0 dolum (toplam 34,357, takip 34,357) 12 istek 4sn
[22:44:16] +0 dolum (toplam 34,357, takip 34,357) 12 istek 4sn
[22:44:30] +0 dolum (toplam 34,357, takip 34,357) 12 istek 4sn
[22:44:44] +0 dolum (toplam 34,357, takip 34,357) 12 istek 4sn
[22:44:58] +0 dolum (toplam 34,357, takip 34,357) 12 istek 4sn
[22:45:13] +0 dolum (toplam 34,357, takip 34,357) 12 istek 5sn
[22:45:27] +0 dolum (toplam 34,357, takip 34,357) 12 istek 4sn
[22:45:41] +0 dolum (toplam 34,357, takip 34,357) 12 istek 4sn
[22:45:55] +0 dolum (toplam 34,357, takip 34,357) 12 istek 4sn
[22:46:10] +0 dolum (toplam 34,357, takip 34,357) 12 istek 4sn
[22:46:24] +0 dolum (toplam 34,357, takip 34,357) 12 istek 4sn
[22:46:38] +0 dolum (toplam 34,357, takip 34,357) 12 istek 4sn
[22:46:52] +0 dolum (toplam 34,357, takip 34,357) 12 istek 4sn
[22:47:06] +0 dolum (toplam 34,357, takip 34,357) 12 istek 4sn
[22:47:20] +0 dolum (toplam 34,357, takip 34,357) 12 istek 4sn
[22:47:34] +0 dolum (toplam 34,357, takip 34,357) 12 istek 4sn
[22:47:48] +0 dolum (toplam 34,357, takip 34,357) 12 istek 4sn
[22:48:02] +0 dolum (toplam 34,357, takip 34,357) 12 istek 4sn
[22:48:17] +0 dolum (toplam 34,357, takip 34,357) 12 istek 4sn
[22:48:31] +0 dolum (toplam 34,357, takip 34,357) 12 istek 4sn
[22:48:45] +0 dolum (toplam 34,357, takip 34,357) 12 istek 4sn
[22:48:59] +0 dolum (toplam 34,357, takip 34,357) 12 istek 4sn
[22:49:14] +0 dolum (toplam 34,357, takip 34,357) 12 istek 4sn
[22:49:28] +0 dolum (toplam 34,357, takip 34,357) 12 istek 4sn
[22:49:42] +0 dolum (toplam 34,357, takip 34,357) 12 istek 4sn
[22:49:56] +0 dolum (toplam 34,357, takip 34,357) 12 istek 4sn
[22:50:11] +0 dolum (toplam 34,357, takip 34,357) 12 istek 5sn
[22:50:25] +0 dolum (toplam 34,357, takip 34,357) 12 istek 4sn
[22:50:39] +0 dolum (toplam 34,357, takip 34,357) 12 istek 4sn
[22:50:53] +0 dolum (toplam 34,357, takip 34,357) 12 istek 4sn
[22:51:07] +0 dolum (toplam 34,357, takip 34,357) 12 istek 4sn
[22:51:21] +0 dolum (toplam 34,357, takip 34,357) 12 istek 4sn
[22:51:35] +0 dolum (toplam 34,357, takip 34,357) 12 istek 4sn
[22:51:49] +0 dolum (toplam 34,357, takip 34,357) 12 istek 4sn
[22:52:04] +0 dolum (toplam 34,357, takip 34,357) 12 istek 4sn
[22:52:18] +0 dolum (toplam 34,357, takip 34,357) 12 istek 4sn
[22:52:32] +0 dolum (toplam 34,357, takip 34,357) 12 istek 4sn
[22:52:46] +0 dolum (toplam 34,357, takip 34,357) 12 istek 4sn
[22:53:00] +0 dolum (toplam 34,357, takip 34,357) 12 istek 4sn
[22:53:14] +0 dolum (toplam 34,357, takip 34,357) 12 istek 4sn
[22:53:28] +0 dolum (toplam 34,357, takip 34,357) 12 istek 4sn
[22:53:43] +0 dolum (toplam 34,357, takip 34,357) 12 istek 4sn
[22:53:57] +0 dolum (toplam 34,357, takip 34,357) 12 istek 4sn
[22:54:11] +0 dolum (toplam 34,357, takip 34,357) 12 istek 4sn
[22:54:25] +0 dolum (toplam 34,357, takip 34,357) 12 istek 4sn
[22:54:40] +0 dolum (toplam 34,357, takip 34,357) 12 istek 4sn
[22:54:54] +0 dolum (toplam 34,357, takip 34,357) 12 istek 4sn
[22:55:08] +0 dolum (toplam 34,357, takip 34,357) 12 istek 5sn
[22:55:22] +0 dolum (toplam 34,357, takip 34,357) 12 istek 4sn
[22:55:36] +0 dolum (toplam 34,357, takip 34,357) 12 istek 4sn
[22:55:51] +0 dolum (toplam 34,357, takip 34,357) 12 istek 4sn
[22:56:05] +0 dolum (toplam 34,357, takip 34,357) 12 istek 4sn
[22:56:19] +0 dolum (toplam 34,357, takip 34,357) 12 istek 4sn
[22:56:33] +0 dolum (toplam 34,357, takip 34,357) 12 istek 4sn
[22:56:47] +0 dolum (toplam 34,357, takip 34,357) 12 istek 4sn
[22:57:01] +0 dolum (toplam 34,357, takip 34,357) 12 istek 4sn
[22:57:16] +0 dolum (toplam 34,357, takip 34,357) 12 istek 4sn
[22:57:30] +0 dolum (toplam 34,357, takip 34,357) 12 istek 4sn
[22:57:44] +0 dolum (toplam 34,357, takip 34,357) 12 istek 4sn
[22:57:58] +0 dolum (toplam 34,357, takip 34,357) 12 istek 4sn
[22:58:12] +0 dolum (toplam 34,357, takip 34,357) 12 istek 4sn
[22:58:26] +0 dolum (toplam 34,357, takip 34,357) 12 istek 4sn
[22:58:41] +0 dolum (toplam 34,357, takip 34,357) 12 istek 4sn
[22:58:55] +0 dolum (toplam 34,357, takip 34,357) 12 istek 4sn
[22:59:09] +0 dolum (toplam 34,357, takip 34,357) 12 istek 4sn
[22:59:23] +0 dolum (toplam 34,357, takip 34,357) 12 istek 4sn
[22:59:38] +0 dolum (toplam 34,357, takip 34,357) 12 istek 4sn
[22:59:52] +0 dolum (toplam 34,357, takip 34,357) 12 istek 4sn
[23:00:06] +12 dolum (toplam 34,369, takip 34,369) 12 istek 5sn
[23:00:21] +0 dolum (toplam 34,369, takip 34,369) 12 istek 4sn
[23:00:35] +0 dolum (toplam 34,369, takip 34,369) 12 istek 4sn
[23:00:49] +0 dolum (toplam 34,369, takip 34,369) 12 istek 4sn
[23:01:03] +0 dolum (toplam 34,369, takip 34,369) 12 istek 4sn
[23:01:17] +0 dolum (toplam 34,369, takip 34,369) 12 istek 4sn
[23:01:31] +0 dolum (toplam 34,369, takip 34,369) 12 istek 4sn
[23:01:46] +0 dolum (toplam 34,369, takip 34,369) 12 istek 4sn
[23:02:00] +0 dolum (toplam 34,369, takip 34,369) 12 istek 4sn
[23:02:14] +0 dolum (toplam 34,369, takip 34,369) 12 istek 4sn
[23:02:28] +0 dolum (toplam 34,369, takip 34,369) 12 istek 4sn
[23:02:42] +0 dolum (toplam 34,369, takip 34,369) 12 istek 4sn
[23:02:56] +0 dolum (toplam 34,369, takip 34,369) 12 istek 4sn
[23:03:11] +0 dolum (toplam 34,369, takip 34,369) 12 istek 4sn
[23:03:25] +0 dolum (toplam 34,369, takip 34,369) 12 istek 4sn
[23:03:39] +0 dolum (toplam 34,369, takip 34,369) 12 istek 4sn
[23:03:53] +0 dolum (toplam 34,369, takip 34,369) 12 istek 4sn
[23:04:07] +0 dolum (toplam 34,369, takip 34,369) 12 istek 4sn
[23:04:21] +0 dolum (toplam 34,369, takip 34,369) 12 istek 4sn
[23:04:36] +0 dolum (toplam 34,369, takip 34,369) 12 istek 5sn
[23:04:50] +0 dolum (toplam 34,369, takip 34,369) 12 istek 4sn
[23:05:05] +0 dolum (toplam 34,369, takip 34,369) 12 istek 5sn
[23:05:19] +0 dolum (toplam 34,369, takip 34,369) 12 istek 4sn
[23:05:33] +0 dolum (toplam 34,369, takip 34,369) 12 istek 4sn
[23:05:48] +0 dolum (toplam 34,369, takip 34,369) 12 istek 4sn
[23:06:02] +0 dolum (toplam 34,369, takip 34,369) 12 istek 4sn
[23:06:16] +0 dolum (toplam 34,369, takip 34,369) 12 istek 4sn
[23:06:30] +0 dolum (toplam 34,369, takip 34,369) 12 istek 4sn
[23:06:44] +0 dolum (toplam 34,369, takip 34,369) 12 istek 4sn
[23:06:59] +0 dolum (toplam 34,369, takip 34,369) 12 istek 4sn
[23:07:13] +0 dolum (toplam 34,369, takip 34,369) 12 istek 4sn
[23:07:27] +0 dolum (toplam 34,369, takip 34,369) 12 istek 4sn
[23:07:41] +0 dolum (toplam 34,369, takip 34,369) 12 istek 4sn
[23:07:56] +0 dolum (toplam 34,369, takip 34,369) 12 istek 4sn
[23:08:10] +0 dolum (toplam 34,369, takip 34,369) 12 istek 4sn
[23:08:24] +0 dolum (toplam 34,369, takip 34,369) 12 istek 4sn
[23:08:38] +0 dolum (toplam 34,369, takip 34,369) 12 istek 4sn
[23:08:52] +0 dolum (toplam 34,369, takip 34,369) 12 istek 4sn
[23:09:07] +0 dolum (toplam 34,369, takip 34,369) 12 istek 4sn
[23:09:21] +0 dolum (toplam 34,369, takip 34,369) 12 istek 4sn
[23:09:35] +0 dolum (toplam 34,369, takip 34,369) 12 istek 4sn
[23:09:49] +0 dolum (toplam 34,369, takip 34,369) 12 istek 4sn
[23:10:03] +0 dolum (toplam 34,369, takip 34,369) 12 istek 4sn
[23:10:18] +0 dolum (toplam 34,369, takip 34,369) 12 istek 5sn
[23:10:32] +0 dolum (toplam 34,369, takip 34,369) 12 istek 4sn
[23:10:46] +0 dolum (toplam 34,369, takip 34,369) 12 istek 4sn
[23:11:00] +0 dolum (toplam 34,369, takip 34,369) 12 istek 4sn
[23:11:15] +0 dolum (toplam 34,369, takip 34,369) 12 istek 4sn
[23:11:29] +0 dolum (toplam 34,369, takip 34,369) 12 istek 4sn
[23:11:43] +0 dolum (toplam 34,369, takip 34,369) 12 istek 4sn
[23:11:57] +0 dolum (toplam 34,369, takip 34,369) 12 istek 4sn
[23:12:11] +0 dolum (toplam 34,369, takip 34,369) 12 istek 4sn
[23:12:26] +0 dolum (toplam 34,369, takip 34,369) 12 istek 4sn
[23:12:40] +0 dolum (toplam 34,369, takip 34,369) 12 istek 4sn
[23:12:54] +0 dolum (toplam 34,369, takip 34,369) 12 istek 4sn
[23:13:08] +0 dolum (toplam 34,369, takip 34,369) 12 istek 4sn
[23:13:22] +0 dolum (toplam 34,369, takip 34,369) 12 istek 4sn
[23:13:36] +23 dolum (toplam 34,392, takip 34,392) 12 istek 4sn
[23:13:51] +8 dolum (toplam 34,400, takip 34,400) 12 istek 4sn
[23:14:05] +0 dolum (toplam 34,400, takip 34,400) 12 istek 4sn
[23:14:19] +0 dolum (toplam 34,400, takip 34,400) 12 istek 4sn
[23:14:33] +0 dolum (toplam 34,400, takip 34,400) 12 istek 4sn
[23:14:48] +0 dolum (toplam 34,400, takip 34,400) 12 istek 4sn
[23:15:02] +0 dolum (toplam 34,400, takip 34,400) 12 istek 4sn
[23:15:17] +221 dolum (toplam 34,621, takip 34,621) 12 istek 5sn
[23:15:31] +0 dolum (toplam 34,621, takip 34,621) 12 istek 4sn
[23:15:45] +0 dolum (toplam 34,621, takip 34,621) 12 istek 4sn
[23:15:59] +0 dolum (toplam 34,621, takip 34,621) 12 istek 4sn
[23:16:14] +0 dolum (toplam 34,621, takip 34,621) 12 istek 4sn
[23:16:28] +13 dolum (toplam 34,634, takip 34,634) 12 istek 4sn
[23:16:42] +0 dolum (toplam 34,634, takip 34,634) 12 istek 4sn
[23:16:56] +0 dolum (toplam 34,634, takip 34,634) 12 istek 4sn
[23:17:11] +0 dolum (toplam 34,634, takip 34,634) 12 istek 4sn
[23:17:25] +0 dolum (toplam 34,634, takip 34,634) 12 istek 4sn
[23:17:39] +0 dolum (toplam 34,634, takip 34,634) 12 istek 4sn
[23:17:53] +0 dolum (toplam 34,634, takip 34,634) 12 istek 4sn
[23:18:07] +0 dolum (toplam 34,634, takip 34,634) 12 istek 4sn
[23:18:21] +0 dolum (toplam 34,634, takip 34,634) 12 istek 4sn
[23:18:36] +0 dolum (toplam 34,634, takip 34,634) 12 istek 4sn
[23:18:50] +0 dolum (toplam 34,634, takip 34,634) 12 istek 4sn
[23:19:04] +245 dolum (toplam 34,879, takip 34,879) 12 istek 4sn
[23:19:19] +0 dolum (toplam 34,879, takip 34,879) 12 istek 4sn
[23:19:33] +0 dolum (toplam 34,879, takip 34,879) 12 istek 4sn
[23:19:47] +0 dolum (toplam 34,879, takip 34,879) 12 istek 4sn
[23:20:01] +0 dolum (toplam 34,879, takip 34,879) 12 istek 4sn
[23:20:20] +5283 dolum (toplam 40,162, takip 40,162) 20 istek 9sn
[23:20:38] +0 dolum (toplam 40,162, takip 40,162) 20 istek 8sn
[23:20:56] +0 dolum (toplam 40,162, takip 40,162) 20 istek 8sn
[23:21:14] +0 dolum (toplam 40,162, takip 40,162) 20 istek 8sn
[23:21:33] +793 dolum (toplam 40,955, takip 40,955) 21 istek 9sn
[23:21:51] +0 dolum (toplam 40,955, takip 40,955) 21 istek 8sn
[23:22:10] +0 dolum (toplam 40,955, takip 40,955) 21 istek 8sn
[23:22:28] +88 dolum (toplam 41,043, takip 41,043) 21 istek 9sn
[23:22:47] +0 dolum (toplam 41,043, takip 41,043) 21 istek 9sn
[23:23:05] +0 dolum (toplam 41,043, takip 41,043) 21 istek 9sn
[23:23:24] +0 dolum (toplam 41,043, takip 41,043) 21 istek 8sn
[23:23:42] +0 dolum (toplam 41,043, takip 41,043) 21 istek 8sn
[23:24:01] +0 dolum (toplam 41,043, takip 41,043) 21 istek 9sn
[23:24:19] +0 dolum (toplam 41,043, takip 41,043) 21 istek 8sn
[23:24:38] +0 dolum (toplam 41,043, takip 41,043) 21 istek 8sn
[23:24:57] +524 dolum (toplam 41,567, takip 41,567) 22 istek 9sn
[23:25:14] +39 dolum (toplam 41,606, takip 41,606) 17 istek 8sn
[23:25:31] +0 dolum (toplam 41,606, takip 41,606) 17 istek 7sn
[23:25:47] +0 dolum (toplam 41,606, takip 41,606) 17 istek 6sn
[23:26:04] +0 dolum (toplam 41,606, takip 41,606) 17 istek 7sn
[23:26:20] +0 dolum (toplam 41,606, takip 41,606) 17 istek 7sn
[23:26:37] +587 dolum (toplam 42,193, takip 42,193) 17 istek 7sn
[23:26:54] +0 dolum (toplam 42,193, takip 42,193) 17 istek 7sn
[23:27:10] +0 dolum (toplam 42,193, takip 42,193) 17 istek 7sn
[23:27:27] +149 dolum (toplam 42,342, takip 42,342) 17 istek 7sn
[23:27:44] +0 dolum (toplam 42,342, takip 42,342) 17 istek 7sn
[23:28:00] +0 dolum (toplam 42,342, takip 42,342) 17 istek 7sn
[23:28:17] +0 dolum (toplam 42,342, takip 42,342) 17 istek 7sn
[23:28:34] +579 dolum (toplam 42,921, takip 42,921) 18 istek 7sn
[23:28:51] +28 dolum (toplam 42,949, takip 42,949) 18 istek 7sn
[23:29:08] +0 dolum (toplam 42,949, takip 42,949) 18 istek 7sn
[23:29:26] +0 dolum (toplam 42,949, takip 42,949) 18 istek 7sn
[23:29:43] +0 dolum (toplam 42,949, takip 42,949) 18 istek 7sn
[23:30:05] +4428 dolum (toplam 47,377, takip 47,377) 27 istek 12sn
[23:30:25] +57 dolum (toplam 47,434, takip 47,434) 24 istek 10sn
[23:30:44] +0 dolum (toplam 47,434, takip 47,434) 24 istek 10sn
[23:31:04] +0 dolum (toplam 47,434, takip 47,434) 24 istek 10sn
[23:31:24] +0 dolum (toplam 47,434, takip 47,434) 24 istek 10sn
[23:31:43] +0 dolum (toplam 47,434, takip 47,434) 24 istek 10sn
[23:32:03] +0 dolum (toplam 47,434, takip 47,434) 24 istek 10sn
[23:32:22] +0 dolum (toplam 47,434, takip 47,434) 24 istek 10sn
[23:32:42] +0 dolum (toplam 47,434, takip 47,434) 24 istek 10sn
[23:33:02] +500 dolum (toplam 47,934, takip 47,934) 25 istek 10sn
[23:33:22] +0 dolum (toplam 47,934, takip 47,934) 25 istek 10sn
[23:33:43] +1211 dolum (toplam 49,145, takip 49,145) 26 istek 11sn
[23:34:04] +298 dolum (toplam 49,443, takip 49,443) 26 istek 11sn
[23:34:24] +22 dolum (toplam 49,465, takip 49,465) 26 istek 11sn
[23:34:45] +0 dolum (toplam 49,465, takip 49,465) 26 istek 11sn
[23:35:10] +1905 dolum (toplam 51,370, takip 51,370) 31 istek 14sn
[23:35:30] +96 dolum (toplam 51,466, takip 51,466) 24 istek 10sn
[23:35:49] +0 dolum (toplam 51,466, takip 51,466) 24 istek 10sn
[23:36:09] +0 dolum (toplam 51,466, takip 51,466) 24 istek 9sn
[23:36:28] +0 dolum (toplam 51,466, takip 51,466) 24 istek 10sn
[23:36:48] +0 dolum (toplam 51,466, takip 51,466) 24 istek 10sn
[23:37:07] +0 dolum (toplam 51,466, takip 51,466) 24 istek 10sn
[23:37:27] +0 dolum (toplam 51,466, takip 51,466) 24 istek 10sn
[23:37:47] +0 dolum (toplam 51,466, takip 51,466) 24 istek 10sn
[23:38:06] +500 dolum (toplam 51,966, takip 51,966) 24 istek 10sn
[23:38:26] +0 dolum (toplam 51,966, takip 51,966) 24 istek 10sn
[23:38:46] +0 dolum (toplam 51,966, takip 51,966) 24 istek 10sn
[23:39:07] +1472 dolum (toplam 53,438, takip 53,438) 26 istek 11sn
[23:39:28] +416 dolum (toplam 53,854, takip 53,854) 26 istek 11sn
[23:39:48] +0 dolum (toplam 53,854, takip 53,854) 26 istek 11sn
[23:40:13] +2635 dolum (toplam 56,489, takip 56,489) 32 istek 14sn
[23:40:33] +36 dolum (toplam 56,525, takip 56,525) 25 istek 11sn
[23:40:54] +0 dolum (toplam 56,525, takip 56,525) 25 istek 10sn
[23:41:14] +0 dolum (toplam 56,525, takip 56,525) 25 istek 10sn
[23:41:34] +0 dolum (toplam 56,525, takip 56,525) 25 istek 10sn
[23:41:54] +0 dolum (toplam 56,525, takip 56,525) 25 istek 10sn
[23:42:14] +0 dolum (toplam 56,525, takip 56,525) 25 istek 10sn
[23:42:34] +0 dolum (toplam 56,525, takip 56,525) 25 istek 10sn
[23:42:54] +0 dolum (toplam 56,525, takip 56,525) 25 istek 10sn
[23:43:14] +0 dolum (toplam 56,525, takip 56,525) 25 istek 10sn
[23:43:34] +0 dolum (toplam 56,525, takip 56,525) 25 istek 10sn
[23:43:54] +0 dolum (toplam 56,525, takip 56,525) 25 istek 10sn
[23:44:15] +1370 dolum (toplam 57,895, takip 57,895) 26 istek 11sn
[23:44:36] +294 dolum (toplam 58,189, takip 58,189) 26 istek 11sn
[23:45:00] +2929 dolum (toplam 61,118, takip 61,118) 32 istek 14sn
[23:45:21] +635 dolum (toplam 61,753, takip 61,753) 25 istek 11sn
[23:45:41] +0 dolum (toplam 61,753, takip 61,753) 25 istek 10sn
[23:46:01] +0 dolum (toplam 61,753, takip 61,753) 25 istek 10sn
[23:46:21] +0 dolum (toplam 61,753, takip 61,753) 25 istek 10sn
[23:46:41] +0 dolum (toplam 61,753, takip 61,753) 25 istek 10sn
[23:47:01] +0 dolum (toplam 61,753, takip 61,753) 25 istek 10sn
[23:47:21] +0 dolum (toplam 61,753, takip 61,753) 25 istek 10sn
[23:47:41] +0 dolum (toplam 61,753, takip 61,753) 25 istek 10sn
[23:48:01] +0 dolum (toplam 61,753, takip 61,753) 25 istek 10sn
[23:48:22] +0 dolum (toplam 61,753, takip 61,753) 25 istek 10sn
[23:48:42] +0 dolum (toplam 61,753, takip 61,753) 25 istek 10sn
[23:49:02] +341 dolum (toplam 62,094, takip 62,094) 25 istek 10sn
[23:49:23] +494 dolum (toplam 62,588, takip 62,588) 25 istek 10sn
[23:49:44] +1258 dolum (toplam 63,846, takip 63,846) 27 istek 11sn
[23:50:10] +4394 dolum (toplam 68,240, takip 68,240) 36 istek 16sn
[23:50:33] +227 dolum (toplam 68,467, takip 68,467) 30 istek 13sn
[23:50:55] +0 dolum (toplam 68,467, takip 68,467) 30 istek 12sn
[23:51:18] +0 dolum (toplam 68,467, takip 68,467) 30 istek 12sn
[23:51:40] +0 dolum (toplam 68,467, takip 68,467) 30 istek 12sn
[23:52:02] +0 dolum (toplam 68,467, takip 68,467) 30 istek 12sn
[23:52:24] +0 dolum (toplam 68,467, takip 68,467) 30 istek 12sn
[23:52:47] +0 dolum (toplam 68,467, takip 68,467) 30 istek 12sn
[23:53:09] +0 dolum (toplam 68,467, takip 68,467) 30 istek 12sn
[23:53:31] +0 dolum (toplam 68,467, takip 68,467) 30 istek 12sn
[23:53:53] +0 dolum (toplam 68,467, takip 68,467) 30 istek 12sn
[23:54:16] +0 dolum (toplam 68,467, takip 68,467) 30 istek 12sn
[23:54:39] +142 dolum (toplam 68,609, takip 68,609) 30 istek 13sn
[23:55:05] +3297 dolum (toplam 71,906, takip 71,906) 36 istek 16sn
[23:55:26] +185 dolum (toplam 72,091, takip 72,091) 26 istek 11sn
[23:55:46] +0 dolum (toplam 72,091, takip 72,091) 26 istek 11sn
[23:56:07] +0 dolum (toplam 72,091, takip 72,091) 26 istek 11sn
[23:56:28] +0 dolum (toplam 72,091, takip 72,091) 26 istek 11sn
[23:56:48] +0 dolum (toplam 72,091, takip 72,091) 26 istek 11sn
[23:57:09] +0 dolum (toplam 72,091, takip 72,091) 26 istek 11sn
[23:57:29] +0 dolum (toplam 72,091, takip 72,091) 26 istek 11sn
[23:57:50] +0 dolum (toplam 72,091, takip 72,091) 26 istek 11sn
[23:58:11] +0 dolum (toplam 72,091, takip 72,091) 26 istek 11sn
[23:58:31] +0 dolum (toplam 72,091, takip 72,091) 26 istek 11sn
[23:58:52] +0 dolum (toplam 72,091, takip 72,091) 26 istek 11sn
[23:59:13] +0 dolum (toplam 72,091, takip 72,091) 26 istek 11sn
[23:59:34] +1156 dolum (toplam 73,247, takip 73,247) 28 istek 12sn
[00:00:01] +4759 dolum (toplam 78,006, takip 78,006) 37 istek 16sn
[00:00:23] +63 dolum (toplam 78,069, takip 78,069) 29 istek 13sn
[00:00:45] +0 dolum (toplam 78,069, takip 78,069) 29 istek 12sn
[00:01:07] +0 dolum (toplam 78,069, takip 78,069) 29 istek 12sn
[00:01:29] +0 dolum (toplam 78,069, takip 78,069) 29 istek 12sn
[00:01:51] +0 dolum (toplam 78,069, takip 78,069) 29 istek 12sn
[00:02:13] +0 dolum (toplam 78,069, takip 78,069) 29 istek 12sn
[00:02:35] +0 dolum (toplam 78,069, takip 78,069) 29 istek 12sn
[00:02:57] +0 dolum (toplam 78,069, takip 78,069) 29 istek 12sn
[00:03:18] +0 dolum (toplam 78,069, takip 78,069) 29 istek 12sn
[00:03:40] +0 dolum (toplam 78,069, takip 78,069) 29 istek 12sn
[00:04:03] +606 dolum (toplam 78,675, takip 78,675) 30 istek 13sn
[00:04:26] +709 dolum (toplam 79,384, takip 79,384) 30 istek 13sn
[00:04:49] +482 dolum (toplam 79,866, takip 79,866) 30 istek 13sn
[00:05:13] +594 dolum (toplam 80,460, takip 80,460) 31 istek 14sn
[00:05:34] +111 dolum (toplam 80,571, takip 80,571) 25 istek 11sn
[00:05:54] +0 dolum (toplam 80,571, takip 80,571) 25 istek 10sn
[00:06:15] +0 dolum (toplam 80,571, takip 80,571) 25 istek 10sn
[00:06:35] +0 dolum (toplam 80,571, takip 80,571) 25 istek 10sn
[00:06:55] +0 dolum (toplam 80,571, takip 80,571) 25 istek 10sn
[00:07:16] +0 dolum (toplam 80,571, takip 80,571) 25 istek 10sn
[00:07:36] +0 dolum (toplam 80,571, takip 80,571) 25 istek 10sn
[00:07:56] +0 dolum (toplam 80,571, takip 80,571) 25 istek 10sn
[00:08:16] +0 dolum (toplam 80,571, takip 80,571) 25 istek 10sn
[00:08:37] +0 dolum (toplam 80,571, takip 80,571) 25 istek 10sn
[00:08:57] +244 dolum (toplam 80,815, takip 80,815) 25 istek 10sn
[00:09:18] +1070 dolum (toplam 81,885, takip 81,885) 25 istek 11sn
[00:09:39] +743 dolum (toplam 82,628, takip 82,628) 26 istek 11sn
[00:10:02] +2396 dolum (toplam 85,024, takip 85,024) 31 istek 13sn
[00:10:23] +1135 dolum (toplam 86,159, takip 86,159) 23 istek 10sn
[00:10:42] +0 dolum (toplam 86,159, takip 86,159) 23 istek 9sn
[00:11:02] +0 dolum (toplam 86,159, takip 86,159) 23 istek 9sn
[00:11:21] +0 dolum (toplam 86,159, takip 86,159) 23 istek 9sn
[00:11:40] +0 dolum (toplam 86,159, takip 86,159) 23 istek 9sn
[00:12:00] +0 dolum (toplam 86,159, takip 86,159) 23 istek 9sn
[00:12:19] +0 dolum (toplam 86,159, takip 86,159) 23 istek 9sn
[00:12:38] +0 dolum (toplam 86,159, takip 86,159) 23 istek 9sn
[00:12:58] +0 dolum (toplam 86,159, takip 86,159) 23 istek 9sn
[00:13:17] +0 dolum (toplam 86,159, takip 86,159) 23 istek 9sn
[00:13:36] +0 dolum (toplam 86,159, takip 86,159) 23 istek 9sn
[00:13:56] +0 dolum (toplam 86,159, takip 86,159) 23 istek 9sn
[00:14:15] +0 dolum (toplam 86,159, takip 86,159) 23 istek 10sn
[00:14:36] +1061 dolum (toplam 87,220, takip 87,220) 24 istek 10sn
[00:14:56] +0 dolum (toplam 87,220, takip 87,220) 24 istek 10sn
[00:15:17] +3203 dolum (toplam 90,423, takip 90,423) 25 istek 11sn
[00:15:37] +725 dolum (toplam 91,148, takip 91,148) 25 istek 10sn
[00:15:58] +0 dolum (toplam 91,148, takip 91,148) 25 istek 10sn
[00:16:18] +0 dolum (toplam 91,148, takip 91,148) 25 istek 10sn
[00:16:38] +0 dolum (toplam 91,148, takip 91,148) 25 istek 10sn
[00:16:58] +0 dolum (toplam 91,148, takip 91,148) 25 istek 10sn
[00:17:19] +0 dolum (toplam 91,148, takip 91,148) 25 istek 10sn
[00:17:39] +0 dolum (toplam 91,148, takip 91,148) 25 istek 10sn
[00:17:59] +0 dolum (toplam 91,148, takip 91,148) 25 istek 10sn
[00:18:20] +0 dolum (toplam 91,148, takip 91,148) 25 istek 10sn
[00:18:40] +0 dolum (toplam 91,148, takip 91,148) 25 istek 10sn
[00:19:00] +0 dolum (toplam 91,148, takip 91,148) 25 istek 10sn
[00:19:21] +0 dolum (toplam 91,148, takip 91,148) 25 istek 10sn
[00:19:42] +367 dolum (toplam 91,515, takip 91,515) 26 istek 11sn
[00:20:03] +0 dolum (toplam 91,515, takip 91,515) 26 istek 11sn
[00:20:21] +34 dolum (toplam 91,549, takip 91,549) 20 istek 8sn
[00:20:47] +8525 dolum (toplam 100,074, takip 100,074) 36 istek 16sn
[00:21:12] +0 dolum (toplam 100,074, takip 100,074) 36 istek 15sn
[00:21:38] +0 dolum (toplam 100,074, takip 100,074) 36 istek 15sn
[00:22:03] +0 dolum (toplam 100,074, takip 100,074) 36 istek 15sn
[00:22:28] +0 dolum (toplam 100,074, takip 100,074) 36 istek 15sn
[00:22:53] +0 dolum (toplam 100,074, takip 100,074) 36 istek 15sn
[00:23:18] +0 dolum (toplam 100,074, takip 100,074) 36 istek 15sn
[00:23:43] +279 dolum (toplam 100,353, takip 100,353) 36 istek 15sn
[00:24:09] +0 dolum (toplam 100,353, takip 100,353) 36 istek 15sn
[00:24:34] +0 dolum (toplam 100,353, takip 100,353) 36 istek 15sn
[00:25:00] +258 dolum (toplam 100,611, takip 100,611) 36 istek 16sn
[00:25:23] +177 dolum (toplam 100,788, takip 100,788) 28 istek 13sn
[00:25:46] +1804 dolum (toplam 102,592, takip 102,592) 30 istek 13sn
[00:26:08] +0 dolum (toplam 102,592, takip 102,592) 30 istek 13sn
[00:26:31] +0 dolum (toplam 102,592, takip 102,592) 30 istek 13sn
[00:26:54] +0 dolum (toplam 102,592, takip 102,592) 30 istek 13sn
[00:27:16] +0 dolum (toplam 102,592, takip 102,592) 30 istek 13sn
[00:27:39] +0 dolum (toplam 102,592, takip 102,592) 30 istek 13sn
[00:28:02] +0 dolum (toplam 102,592, takip 102,592) 30 istek 13sn
[00:28:24] +0 dolum (toplam 102,592, takip 102,592) 30 istek 13sn
[00:28:47] +213 dolum (toplam 102,805, takip 102,805) 30 istek 13sn
[00:29:10] +1099 dolum (toplam 103,904, takip 103,904) 31 istek 13sn
[00:29:34] +0 dolum (toplam 103,904, takip 103,904) 31 istek 13sn
[00:29:57] +0 dolum (toplam 103,904, takip 103,904) 31 istek 13sn
[00:30:23] +8792 dolum (toplam 112,696, takip 112,696) 35 istek 17sn
[00:30:48] +13 dolum (toplam 112,709, takip 112,709) 35 istek 15sn
[00:31:13] +0 dolum (toplam 112,709, takip 112,709) 35 istek 14sn
[00:31:37] +0 dolum (toplam 112,709, takip 112,709) 35 istek 15sn
[00:32:02] +0 dolum (toplam 112,709, takip 112,709) 35 istek 14sn
[00:32:26] +0 dolum (toplam 112,709, takip 112,709) 35 istek 15sn
[00:32:51] +0 dolum (toplam 112,709, takip 112,709) 35 istek 14sn
[00:33:15] +0 dolum (toplam 112,709, takip 112,709) 35 istek 14sn
[00:33:40] +0 dolum (toplam 112,709, takip 112,709) 35 istek 15sn
[00:34:05] +1287 dolum (toplam 113,996, takip 113,996) 36 istek 16sn
[00:34:30] +85 dolum (toplam 114,081, takip 114,081) 36 istek 15sn
[00:34:56] +0 dolum (toplam 114,081, takip 114,081) 36 istek 15sn
[00:35:16] +1570 dolum (toplam 115,651, takip 115,651) 23 istek 11sn
[00:35:36] +0 dolum (toplam 115,651, takip 115,651) 23 istek 9sn
[00:35:55] +0 dolum (toplam 115,651, takip 115,651) 23 istek 9sn
[00:36:14] +0 dolum (toplam 115,651, takip 115,651) 23 istek 9sn
[00:36:33] +0 dolum (toplam 115,651, takip 115,651) 23 istek 9sn
[00:36:53] +0 dolum (toplam 115,651, takip 115,651) 23 istek 9sn
[00:37:12] +0 dolum (toplam 115,651, takip 115,651) 23 istek 9sn
[00:37:31] +0 dolum (toplam 115,651, takip 115,651) 23 istek 9sn
[00:37:50] +0 dolum (toplam 115,651, takip 115,651) 23 istek 9sn
[00:38:09] +0 dolum (toplam 115,651, takip 115,651) 23 istek 9sn
[00:38:29] +0 dolum (toplam 115,651, takip 115,651) 23 istek 9sn
[00:38:48] +0 dolum (toplam 115,651, takip 115,651) 23 istek 9sn
[00:39:08] +1100 dolum (toplam 116,751, takip 116,751) 24 istek 10sn
[00:39:29] +1349 dolum (toplam 118,100, takip 118,100) 25 istek 11sn
[00:39:49] +0 dolum (toplam 118,100, takip 118,100) 25 istek 10sn
[00:40:16] +5750 dolum (toplam 123,850, takip 123,850) 38 istek 17sn
[00:40:39] +119 dolum (toplam 123,969, takip 123,969) 31 istek 13sn
[00:41:02] +0 dolum (toplam 123,969, takip 123,969) 31 istek 13sn
[00:41:25] +0 dolum (toplam 123,969, takip 123,969) 31 istek 13sn
[00:41:47] +0 dolum (toplam 123,969, takip 123,969) 31 istek 13sn
[00:42:10] +0 dolum (toplam 123,969, takip 123,969) 31 istek 13sn
[00:42:33] +0 dolum (toplam 123,969, takip 123,969) 31 istek 13sn
[00:42:56] +0 dolum (toplam 123,969, takip 123,969) 31 istek 13sn
[00:43:18] +0 dolum (toplam 123,969, takip 123,969) 31 istek 13sn
[00:43:41] +0 dolum (toplam 123,969, takip 123,969) 31 istek 13sn
[00:44:04] +0 dolum (toplam 123,969, takip 123,969) 31 istek 13sn
[00:44:27] +17 dolum (toplam 123,986, takip 123,986) 31 istek 13sn
[00:44:52] +1913 dolum (toplam 125,899, takip 125,899) 34 istek 15sn
[00:45:16] +4368 dolum (toplam 130,267, takip 130,267) 31 istek 14sn
[00:45:39] +0 dolum (toplam 130,267, takip 130,267) 31 istek 13sn
[00:46:01] +0 dolum (toplam 130,267, takip 130,267) 31 istek 13sn
[00:46:24] +0 dolum (toplam 130,267, takip 130,267) 31 istek 13sn
[00:46:47] +0 dolum (toplam 130,267, takip 130,267) 31 istek 13sn
[00:47:10] +0 dolum (toplam 130,267, takip 130,267) 31 istek 13sn
[00:47:33] +0 dolum (toplam 130,267, takip 130,267) 31 istek 13sn
[00:47:56] +0 dolum (toplam 130,267, takip 130,267) 31 istek 13sn
[00:48:19] +0 dolum (toplam 130,267, takip 130,267) 31 istek 13sn
[00:48:41] +0 dolum (toplam 130,267, takip 130,267) 31 istek 13sn
[00:49:04] +0 dolum (toplam 130,267, takip 130,267) 31 istek 13sn
[00:49:28] +0 dolum (toplam 130,267, takip 130,267) 31 istek 14sn
[00:49:52] +353 dolum (toplam 130,620, takip 130,620) 31 istek 14sn
[00:50:13] +2496 dolum (toplam 133,116, takip 133,116) 24 istek 11sn
[00:50:33] +11 dolum (toplam 133,127, takip 133,127) 24 istek 10sn
[00:50:53] +0 dolum (toplam 133,127, takip 133,127) 24 istek 10sn
[00:51:13] +0 dolum (toplam 133,127, takip 133,127) 24 istek 10sn
[00:51:33] +0 dolum (toplam 133,127, takip 133,127) 24 istek 10sn
[00:51:53] +0 dolum (toplam 133,127, takip 133,127) 24 istek 10sn
[00:52:12] +0 dolum (toplam 133,127, takip 133,127) 24 istek 10sn
[00:52:32] +0 dolum (toplam 133,127, takip 133,127) 24 istek 10sn
[00:52:52] +0 dolum (toplam 133,127, takip 133,127) 24 istek 10sn
[00:53:12] +0 dolum (toplam 133,127, takip 133,127) 24 istek 10sn
[00:53:32] +0 dolum (toplam 133,127, takip 133,127) 24 istek 10sn
[00:53:51] +0 dolum (toplam 133,127, takip 133,127) 24 istek 10sn
[00:54:11] +0 dolum (toplam 133,127, takip 133,127) 24 istek 10sn
[00:54:31] +0 dolum (toplam 133,127, takip 133,127) 24 istek 10sn
[00:54:51] +196 dolum (toplam 133,323, takip 133,323) 24 istek 10sn
[00:55:15] +6496 dolum (toplam 139,819, takip 139,819) 29 istek 13sn
[00:55:37] +471 dolum (toplam 140,290, takip 140,290) 29 istek 12sn
[00:55:58] +0 dolum (toplam 140,290, takip 140,290) 29 istek 12sn
[00:56:20] +0 dolum (toplam 140,290, takip 140,290) 29 istek 12sn
[00:56:42] +0 dolum (toplam 140,290, takip 140,290) 29 istek 12sn
[00:57:04] +158 dolum (toplam 140,448, takip 140,448) 29 istek 12sn
[00:57:26] +0 dolum (toplam 140,448, takip 140,448) 29 istek 12sn
[00:57:47] +0 dolum (toplam 140,448, takip 140,448) 29 istek 12sn
[00:58:09] +0 dolum (toplam 140,448, takip 140,448) 29 istek 12sn
[00:58:31] +0 dolum (toplam 140,448, takip 140,448) 29 istek 12sn
[00:58:53] +0 dolum (toplam 140,448, takip 140,448) 29 istek 12sn
[00:59:15] +229 dolum (toplam 140,677, takip 140,677) 29 istek 12sn
[00:59:37] +0 dolum (toplam 140,677, takip 140,677) 29 istek 12sn
[00:59:59] +4 dolum (toplam 140,681, takip 140,681) 29 istek 12sn
[01:00:21] +1363 dolum (toplam 142,044, takip 142,044) 25 istek 12sn
[01:00:41] +0 dolum (toplam 142,044, takip 142,044) 25 istek 10sn
[01:01:01] +0 dolum (toplam 142,044, takip 142,044) 25 istek 10sn
[01:01:22] +0 dolum (toplam 142,044, takip 142,044) 25 istek 10sn
[01:01:42] +0 dolum (toplam 142,044, takip 142,044) 25 istek 10sn
[01:02:09] +7531 dolum (toplam 149,575, takip 149,575) 40 istek 17sn
[01:02:36] +0 dolum (toplam 149,575, takip 149,575) 40 istek 17sn
[01:03:02] +0 dolum (toplam 149,575, takip 149,575) 40 istek 17sn
[01:03:29] +0 dolum (toplam 149,575, takip 149,575) 40 istek 17sn
[01:03:56] +0 dolum (toplam 149,575, takip 149,575) 40 istek 17sn
[01:04:23] +355 dolum (toplam 149,930, takip 149,930) 40 istek 17sn
[01:04:49] +0 dolum (toplam 149,930, takip 149,930) 40 istek 17sn
[01:05:21] +2432 dolum (toplam 152,362, takip 152,362) 44 istek 22sn
[01:05:45] +49 dolum (toplam 152,411, takip 152,411) 31 istek 13sn
[01:06:07] +0 dolum (toplam 152,411, takip 152,411) 31 istek 13sn
[01:06:30] +0 dolum (toplam 152,411, takip 152,411) 31 istek 13sn
[01:06:53] +0 dolum (toplam 152,411, takip 152,411) 31 istek 13sn
[01:07:16] +8 dolum (toplam 152,419, takip 152,419) 31 istek 13sn
[01:07:39] +0 dolum (toplam 152,419, takip 152,419) 31 istek 13sn
[01:08:02] +0 dolum (toplam 152,419, takip 152,419) 31 istek 13sn
[01:08:24] +0 dolum (toplam 152,419, takip 152,419) 31 istek 13sn
[01:08:47] +0 dolum (toplam 152,419, takip 152,419) 31 istek 13sn
[01:09:10] +122 dolum (toplam 152,541, takip 152,541) 31 istek 13sn
[01:09:33] +0 dolum (toplam 152,541, takip 152,541) 31 istek 13sn
[01:09:56] +0 dolum (toplam 152,541, takip 152,541) 31 istek 13sn
[01:10:13] +444 dolum (toplam 152,985, takip 152,985) 16 istek 7sn
[01:10:29] +0 dolum (toplam 152,985, takip 152,985) 16 istek 6sn
[01:10:46] +612 dolum (toplam 153,597, takip 153,597) 16 istek 7sn
[01:11:02] +0 dolum (toplam 153,597, takip 153,597) 16 istek 6sn
[01:11:19] +0 dolum (toplam 153,597, takip 153,597) 16 istek 6sn
[01:11:35] +0 dolum (toplam 153,597, takip 153,597) 16 istek 6sn
[01:11:51] +0 dolum (toplam 153,597, takip 153,597) 16 istek 6sn
[01:12:07] +0 dolum (toplam 153,597, takip 153,597) 16 istek 6sn
[01:12:24] +0 dolum (toplam 153,597, takip 153,597) 16 istek 6sn
[01:12:40] +0 dolum (toplam 153,597, takip 153,597) 16 istek 6sn
[01:12:57] +0 dolum (toplam 153,597, takip 153,597) 16 istek 6sn
[01:13:13] +0 dolum (toplam 153,597, takip 153,597) 16 istek 6sn
[01:13:29] +0 dolum (toplam 153,597, takip 153,597) 16 istek 6sn
[01:13:46] +0 dolum (toplam 153,597, takip 153,597) 16 istek 6sn
[01:14:02] +0 dolum (toplam 153,597, takip 153,597) 16 istek 6sn
[01:14:19] +0 dolum (toplam 153,597, takip 153,597) 16 istek 7sn
[01:14:35] +0 dolum (toplam 153,597, takip 153,597) 16 istek 6sn
[01:14:51] +0 dolum (toplam 153,597, takip 153,597) 16 istek 6sn
[01:15:09] +2647 dolum (toplam 156,244, takip 156,244) 17 istek 8sn
[01:15:26] +0 dolum (toplam 156,244, takip 156,244) 17 istek 7sn
[01:15:48] +5274 dolum (toplam 161,518, takip 161,518) 26 istek 12sn
[01:16:09] +18 dolum (toplam 161,536, takip 161,536) 26 istek 11sn
[01:16:30] +0 dolum (toplam 161,536, takip 161,536) 26 istek 11sn
[01:16:51] +0 dolum (toplam 161,536, takip 161,536) 26 istek 11sn
[01:17:11] +0 dolum (toplam 161,536, takip 161,536) 26 istek 11sn
[01:17:32] +0 dolum (toplam 161,536, takip 161,536) 26 istek 11sn
[01:17:53] +0 dolum (toplam 161,536, takip 161,536) 26 istek 11sn
[01:18:13] +0 dolum (toplam 161,536, takip 161,536) 26 istek 11sn
[01:18:34] +0 dolum (toplam 161,536, takip 161,536) 26 istek 11sn
[01:18:55] +0 dolum (toplam 161,536, takip 161,536) 26 istek 11sn
[01:19:15] +0 dolum (toplam 161,536, takip 161,536) 26 istek 11sn
[01:19:36] +0 dolum (toplam 161,536, takip 161,536) 26 istek 11sn
[01:19:57] +0 dolum (toplam 161,536, takip 161,536) 26 istek 11sn
[01:20:16] +23 dolum (toplam 161,559, takip 161,559) 21 istek 10sn
[01:20:35] +0 dolum (toplam 161,559, takip 161,559) 21 istek 8sn
[01:20:57] +3400 dolum (toplam 164,959, takip 164,959) 28 istek 12sn
[01:21:19] +876 dolum (toplam 165,835, takip 165,835) 29 istek 12sn
[01:21:41] +0 dolum (toplam 165,835, takip 165,835) 29 istek 12sn
[01:22:02] +0 dolum (toplam 165,835, takip 165,835) 29 istek 12sn
[01:22:25] +0 dolum (toplam 165,835, takip 165,835) 29 istek 12sn
[01:22:47] +0 dolum (toplam 165,835, takip 165,835) 29 istek 12sn
[01:23:09] +0 dolum (toplam 165,835, takip 165,835) 29 istek 12sn
[01:23:31] +82 dolum (toplam 165,917, takip 165,917) 29 istek 12sn
[01:23:52] +0 dolum (toplam 165,917, takip 165,917) 29 istek 12sn
[01:24:14] +0 dolum (toplam 165,917, takip 165,917) 29 istek 12sn
[01:24:36] +0 dolum (toplam 165,917, takip 165,917) 29 istek 12sn
[01:24:59] +502 dolum (toplam 166,419, takip 166,419) 30 istek 12sn
[01:25:18] +11 dolum (toplam 166,430, takip 166,430) 21 istek 9sn
[01:25:36] +0 dolum (toplam 166,430, takip 166,430) 21 istek 8sn
[01:25:55] +277 dolum (toplam 166,707, takip 166,707) 21 istek 9sn
[01:26:14] +1078 dolum (toplam 167,785, takip 167,785) 22 istek 9sn
[01:26:33] +0 dolum (toplam 167,785, takip 167,785) 22 istek 9sn
[01:26:52] +0 dolum (toplam 167,785, takip 167,785) 22 istek 9sn
[01:27:10] +0 dolum (toplam 167,785, takip 167,785) 22 istek 9sn
[01:27:29] +0 dolum (toplam 167,785, takip 167,785) 22 istek 9sn
[01:27:48] +0 dolum (toplam 167,785, takip 167,785) 22 istek 9sn
[01:28:07] +0 dolum (toplam 167,785, takip 167,785) 22 istek 9sn
[01:28:25] +0 dolum (toplam 167,785, takip 167,785) 22 istek 9sn
[01:28:44] +284 dolum (toplam 168,069, takip 168,069) 22 istek 9sn
[01:29:03] +0 dolum (toplam 168,069, takip 168,069) 22 istek 9sn
[01:29:22] +0 dolum (toplam 168,069, takip 168,069) 22 istek 9sn
[01:29:41] +0 dolum (toplam 168,069, takip 168,069) 22 istek 9sn
[01:30:06] +4087 dolum (toplam 172,156, takip 172,156) 31 istek 15sn
[01:30:26] +17 dolum (toplam 172,173, takip 172,173) 24 istek 10sn
[01:30:49] +3520 dolum (toplam 175,693, takip 175,693) 31 istek 13sn
[01:31:12] +873 dolum (toplam 176,566, takip 176,566) 32 istek 14sn
[01:31:36] +23 dolum (toplam 176,589, takip 176,589) 32 istek 13sn
[01:31:59] +0 dolum (toplam 176,589, takip 176,589) 32 istek 13sn
[01:32:22] +0 dolum (toplam 176,589, takip 176,589) 32 istek 13sn
[01:32:45] +0 dolum (toplam 176,589, takip 176,589) 32 istek 13sn
[01:33:09] +0 dolum (toplam 176,589, takip 176,589) 32 istek 13sn
[01:33:32] +0 dolum (toplam 176,589, takip 176,589) 32 istek 13sn
[01:33:55] +0 dolum (toplam 176,589, takip 176,589) 32 istek 13sn
[01:34:19] +0 dolum (toplam 176,589, takip 176,589) 32 istek 13sn
[01:34:42] +0 dolum (toplam 176,589, takip 176,589) 32 istek 13sn
[01:35:05] +0 dolum (toplam 176,589, takip 176,589) 32 istek 13sn
[01:35:24] +867 dolum (toplam 177,456, takip 177,456) 21 istek 9sn
[01:35:43] +0 dolum (toplam 177,456, takip 177,456) 21 istek 9sn
[01:36:01] +10 dolum (toplam 177,466, takip 177,466) 21 istek 8sn
[01:36:20] +807 dolum (toplam 178,273, takip 178,273) 21 istek 9sn
[01:36:39] +939 dolum (toplam 179,212, takip 179,212) 22 istek 9sn
[01:36:58] +0 dolum (toplam 179,212, takip 179,212) 22 istek 9sn
[01:37:17] +0 dolum (toplam 179,212, takip 179,212) 22 istek 9sn
[01:37:36] +0 dolum (toplam 179,212, takip 179,212) 22 istek 9sn
[01:37:55] +0 dolum (toplam 179,212, takip 179,212) 22 istek 9sn
[01:38:14] +0 dolum (toplam 179,212, takip 179,212) 22 istek 9sn
[01:38:32] +19 dolum (toplam 179,231, takip 179,231) 22 istek 9sn
[01:38:51] +0 dolum (toplam 179,231, takip 179,231) 22 istek 9sn
[01:39:10] +0 dolum (toplam 179,231, takip 179,231) 22 istek 9sn
[01:39:29] +0 dolum (toplam 179,231, takip 179,231) 22 istek 9sn
[01:39:48] +0 dolum (toplam 179,231, takip 179,231) 22 istek 9sn
[01:40:08] +893 dolum (toplam 180,124, takip 180,124) 24 istek 10sn
[01:40:29] +3026 dolum (toplam 183,150, takip 183,150) 24 istek 11sn
[01:40:48] +0 dolum (toplam 183,150, takip 183,150) 24 istek 10sn
[01:41:08] +0 dolum (toplam 183,150, takip 183,150) 24 istek 10sn
[01:41:28] +0 dolum (toplam 183,150, takip 183,150) 24 istek 10sn
[01:41:48] +677 dolum (toplam 183,827, takip 183,827) 24 istek 10sn
[01:42:08] +0 dolum (toplam 183,827, takip 183,827) 24 istek 10sn
[01:42:27] +0 dolum (toplam 183,827, takip 183,827) 24 istek 10sn
[01:42:47] +0 dolum (toplam 183,827, takip 183,827) 24 istek 10sn
[01:43:07] +0 dolum (toplam 183,827, takip 183,827) 24 istek 10sn
[01:43:26] +0 dolum (toplam 183,827, takip 183,827) 24 istek 10sn
[01:43:46] +267 dolum (toplam 184,094, takip 184,094) 24 istek 10sn
[01:44:06] +8 dolum (toplam 184,102, takip 184,102) 24 istek 10sn
[01:44:26] +0 dolum (toplam 184,102, takip 184,102) 24 istek 10sn
[01:44:46] +0 dolum (toplam 184,102, takip 184,102) 24 istek 10sn
[01:45:08] +1235 dolum (toplam 185,337, takip 185,337) 27 istek 12sn
[01:45:30] +4712 dolum (toplam 190,049, takip 190,049) 27 istek 12sn
[01:45:51] +0 dolum (toplam 190,049, takip 190,049) 27 istek 11sn
[01:46:12] +0 dolum (toplam 190,049, takip 190,049) 27 istek 11sn
[01:46:33] +0 dolum (toplam 190,049, takip 190,049) 27 istek 11sn
[01:46:54] +0 dolum (toplam 190,049, takip 190,049) 27 istek 11sn
[01:47:15] +10 dolum (toplam 190,059, takip 190,059) 27 istek 11sn
[01:47:36] +0 dolum (toplam 190,059, takip 190,059) 27 istek 11sn
[01:47:57] +0 dolum (toplam 190,059, takip 190,059) 27 istek 11sn
[01:48:19] +0 dolum (toplam 190,059, takip 190,059) 27 istek 11sn
[01:48:40] +0 dolum (toplam 190,059, takip 190,059) 27 istek 11sn
[01:49:01] +0 dolum (toplam 190,059, takip 190,059) 27 istek 11sn
[01:49:22] +278 dolum (toplam 190,337, takip 190,337) 27 istek 11sn
[01:49:43] +0 dolum (toplam 190,337, takip 190,337) 27 istek 11sn
[01:50:08] +2929 dolum (toplam 193,266, takip 193,266) 32 istek 15sn
[01:50:29] +31 dolum (toplam 193,297, takip 193,297) 26 istek 11sn
[01:50:50] +286 dolum (toplam 193,583, takip 193,583) 26 istek 11sn
[01:51:10] +0 dolum (toplam 193,583, takip 193,583) 26 istek 11sn
[01:51:31] +0 dolum (toplam 193,583, takip 193,583) 26 istek 10sn
[01:51:51] +0 dolum (toplam 193,583, takip 193,583) 26 istek 10sn
[01:52:12] +109 dolum (toplam 193,692, takip 193,692) 26 istek 11sn
[01:52:33] +290 dolum (toplam 193,982, takip 193,982) 26 istek 11sn
[01:52:53] +0 dolum (toplam 193,982, takip 193,982) 26 istek 11sn
[01:53:14] +0 dolum (toplam 193,982, takip 193,982) 26 istek 11sn
[01:53:35] +176 dolum (toplam 194,158, takip 194,158) 26 istek 11sn
[01:53:56] +0 dolum (toplam 194,158, takip 194,158) 26 istek 11sn
[01:54:16] +0 dolum (toplam 194,158, takip 194,158) 26 istek 11sn
[01:54:37] +0 dolum (toplam 194,158, takip 194,158) 26 istek 11sn
[01:54:58] +0 dolum (toplam 194,158, takip 194,158) 26 istek 11sn
[01:55:16] +699 dolum (toplam 194,857, takip 194,857) 19 istek 8sn
[01:55:34] +0 dolum (toplam 194,857, takip 194,857) 19 istek 7sn
[01:55:51] +0 dolum (toplam 194,857, takip 194,857) 19 istek 7sn
[01:56:08] +0 dolum (toplam 194,857, takip 194,857) 19 istek 7sn
[01:56:26] +0 dolum (toplam 194,857, takip 194,857) 19 istek 7sn
[01:56:43] +0 dolum (toplam 194,857, takip 194,857) 19 istek 7sn
[01:57:01] +0 dolum (toplam 194,857, takip 194,857) 19 istek 7sn
[01:57:21] +3036 dolum (toplam 197,893, takip 197,893) 24 istek 10sn
[01:57:40] +0 dolum (toplam 197,893, takip 197,893) 24 istek 10sn
[01:58:00] +0 dolum (toplam 197,893, takip 197,893) 24 istek 10sn
[01:58:20] +0 dolum (toplam 197,893, takip 197,893) 24 istek 10sn
