ledger complete 1842 windows 19761 fills; price matches 5673
policy markets 61 / 339 {'missing_prices': 174, 'missing_books': 6, 'eligible': 3}
policy markets 91 / 339 {'missing_prices': 174, 'missing_books': 66, 'eligible': 33}
policy markets 121 / 339 {'missing_prices': 176, 'missing_books': 104, 'eligible': 83}
policy markets 151 / 339 {'missing_prices': 177, 'missing_books': 146, 'eligible': 130}
policy markets 181 / 339 {'missing_prices': 178, 'missing_books': 186, 'eligible': 179}
policy markets 211 / 339 {'missing_prices': 178, 'missing_books': 221, 'eligible': 234}
policy markets 241 / 339 {'missing_prices': 220, 'missing_books': 244, 'eligible': 259}
policy markets 271 / 339 {'missing_prices': 220, 'missing_books': 300, 'eligible': 293}
policy markets 301 / 339 {'missing_prices': 223, 'missing_books': 350, 'eligible': 330}
policy markets 331 / 339 {'missing_prices': 223, 'missing_books': 403, 'eligible': 367}
{
  "missing": {},
  "excluded_price_files": [
    [
      "cld_20260915_16.jsonl.gz",
      "EOFError"
    ],
    [
      "cld_20260917_08.jsonl.gz",
      "EOFError"
    ],
    [
      "cld_20260919_19.jsonl.gz",
      "error"
    ],
    [
      "cld_20260920_09.jsonl.gz",
      "error"
    ],
    [
      "cld_20260920_22.jsonl.gz",
      "EOFError"
    ]
  ],
  "all": {
    "records": 19761,
    "windows": 1842,
    "shares": 832952.214479,
    "pnl": 8319.438464,
    "positive_windows": 875,
    "days": {
      "2026-09-13": 994.7993229999995,
      "2026-09-14": 1400.5530869999998,
      "2026-09-15": 2687.187657000001,
      "2026-09-16": -558.6999209999997,
      "2026-09-17": 193.60029900000086,
      "2026-09-18": 3228.3477480000006,
      "2026-09-19": -310.368536000001,
      "2026-09-20": 684.0188069999992
    },
    "excluding_top3": 6059.701494000001,
    "top1": 983.90088,
    "day_bootstrap_ci95": [
      1764.6326979999974,
      15565.520635
    ],
    "window_bootstrap_ci95": [
      -542.551470999999,
      17541.689783
    ]
  },
  "late": {
    "records": 6242,
    "windows": 931,
    "shares": 276086.180289,
    "pnl": 4603.639828,
    "positive_windows": 402,
    "days": {
      "2026-09-13": 527.2602059999998,
      "2026-09-14": 366.729597,
      "2026-09-15": 330.4243610000001,
      "2026-09-16": -295.23216999999966,
      "2026-09-17": 1148.7879469999998,
      "2026-09-18": 1.7931980000001886,
      "2026-09-19": 705.347186,
      "2026-09-20": 1818.5295029999997
    },
    "excluding_top3": 2688.9938680000005,
    "top1": 711.68198,
    "day_bootstrap_ci95": [
      1420.7808630000009,
      7991.114426999999
    ],
    "window_bootstrap_ci95": [
      -950.6545339999996,
      10187.385434000002
    ]
  },
  "early": {
    "records": 13483,
    "windows": 1725,
    "shares": 551861.265407,
    "pnl": 3583.0359590000003,
    "positive_windows": 814,
    "days": {
      "2026-09-13": 453.76811699999985,
      "2026-09-14": 896.54669,
      "2026-09-15": 2347.8832959999972,
      "2026-09-16": -345.105698,
      "2026-09-17": -999.7783579999998,
      "2026-09-18": 3423.3160499999976,
      "2026-09-19": -1070.7904420000002,
      "2026-09-20": -1122.803696
    },
    "excluding_top3": 2015.444938,
    "top1": 577.1081000000001,
    "day_bootstrap_ci95": [
      -4504.782863,
      12789.48183099999
    ],
    "window_bootstrap_ci95": [
      -4134.762125,
      11576.030922000002
    ]
  },
  "timestamp_after_end": {
    "records": 36,
    "windows": 17,
    "shares": 5004.768783,
    "pnl": 132.76267700000002,
    "positive_windows": 15,
    "days": {
      "2026-09-13": 13.771000000000004,
      "2026-09-14": 137.2768,
      "2026-09-15": 8.879999999999995,
      "2026-09-16": 81.637947,
      "2026-09-17": 44.59071,
      "2026-09-18": -196.7615,
      "2026-09-19": 55.07472000000001,
      "2026-09-20": -11.706999999999972
    },
    "excluding_top3": -136.12028999999998,
    "top1": 137.2768,
    "day_bootstrap_ci95": [
      -431.418586,
      565.036924
    ],
    "window_bootstrap_ci95": [
      -546.2247799999999,
      638.577947
    ]
  },
  "gross_pnl": 10109.287784154496,
  "cash_cost_pnl": 8319.438464,
  "pair_cash_pnl": 14799.083091544057,
  "residual_cash_pnl": -6479.644627544057,
  "features_5s": 5673,
  "features_10s": 5529,
  "ambiguous_windows": 41,
  "policy_coverage": {
    "missing_prices": 241,
    "missing_books": 404,
    "eligible": 372
  },
  "policy": {
    "210_favorite": {
      "records": 193,
      "windows": 193,
      "shares": 965.0,
      "pnl": -69.40523,
      "positive_windows": 149,
      "days": {
        "2026-09-19": -14.492399999999998,
        "2026-09-20": -54.91283000000003
      },
      "excluding_top3": -76.3931,
      "top1": 2.36253,
      "day_bootstrap_ci95": [
        -109.82566000000006,
        -28.984799999999996
      ],
      "window_bootstrap_ci95": [
        -123.8628,
        -16.004100000000008
      ]
    },
    "210_aligned": {
      "records": 193,
      "windows": 193,
      "shares": 810.0,
      "pnl": -55.0633,
      "positive_windows": 130,
      "days": {
        "2026-09-19": -16.24843,
        "2026-09-20": -38.81487000000003
      },
      "excluding_top3": -61.9017,
      "top1": 2.36253,
      "day_bootstrap_ci95": [
        -77.62974000000006,
        -32.49686
      ],
      "window_bootstrap_ci95": [
        -105.1757,
        -7.822189999999998
      ]
    },
    "210_buffer": {
      "records": 193,
      "windows": 193,
      "shares": 535.0,
      "pnl": -44.6147,
      "positive_windows": 88,
      "days": {
        "2026-09-19": -12.90525,
        "2026-09-20": -31.709449999999983
      },
      "excluding_top3": -51.15478,
      "top1": 2.2628099999999995,
      "day_bootstrap_ci95": [
        -63.418899999999965,
        -25.8105
      ],
      "window_bootstrap_ci95": [
        -84.61673,
        -7.419259999999997
      ]
    },
    "240_favorite": {
      "records": 128,
      "windows": 128,
      "shares": 640.0,
      "pnl": -25.396720000000006,
      "positive_windows": 105,
      "days": {
        "2026-09-19": -0.6755800000000012,
        "2026-09-20": -24.721139999999977
      },
      "excluding_top3": -31.936880000000006,
      "top1": 2.31264,
      "day_bootstrap_ci95": [
        -49.442279999999954,
        -1.3511600000000024
      ],
      "window_bootstrap_ci95": [
        -64.88268000000001,
        13.372909999999996
      ]
    },
    "240_aligned": {
      "records": 128,
      "windows": 128,
      "shares": 525.0,
      "pnl": -34.210150000000006,
      "positive_windows": 85,
      "days": {
        "2026-09-19": -5.0065800000000005,
        "2026-09-20": -29.203569999999978
      },
      "excluding_top3": -40.45241000000001,
      "top1": 2.1137599999999996,
      "day_bootstrap_ci95": [
        -58.407139999999956,
        -10.013160000000001
      ],
      "window_bootstrap_ci95": [
        -71.13272,
        1.128309999999994
      ]
    },
    "240_buffer": {
      "records": 128,
      "windows": 128,
      "shares": 295.0,
      "pnl": -21.30561,
      "positive_windows": 50,
      "days": {
        "2026-09-19": -7.14242,
        "2026-09-20": -14.163189999999993
      },
      "excluding_top3": -26.712040000000002,
      "top1": 2.1137599999999996,
      "day_bootstrap_ci95": [
        -28.326379999999986,
        -14.28484
      ],
      "window_bootstrap_ci95": [
        -47.81319,
        1.3291999999999964
      ]
    },
    "270_favorite": {
      "records": 51,
      "windows": 51,
      "shares": 255.0,
      "pnl": -9.236909999999998,
      "positive_windows": 45,
      "days": {
        "2026-09-19": -3.8291600000000003,
        "2026-09-20": -5.407749999999997
      },
      "excluding_top3": -14.346559999999997,
      "top1": 1.8667300000000002,
      "day_bootstrap_ci95": [
        -10.815499999999995,
        -7.658320000000001
      ],
      "window_bootstrap_ci95": [
        -34.62334,
        9.99379
      ]
    },
    "270_aligned": {
      "records": 51,
      "windows": 51,
      "shares": 135.0,
      "pnl": -18.75089,
      "positive_windows": 22,
      "days": {
        "2026-09-19": -4.341869999999998,
        "2026-09-20": -14.409019999999998
      },
      "excluding_top3": -20.06374,
      "top1": 0.70537,
      "day_bootstrap_ci95": [
        -28.818039999999996,
        -8.683739999999997
      ],
      "window_bootstrap_ci95": [
        -40.993320000000004,
        -2.0192299999999985
      ]
    },
    "270_buffer": {
      "records": 51,
      "windows": 51,
      "shares": 80.0,
      "pnl": -6.865709999999998,
      "positive_windows": 14,
      "days": {
        "2026-09-19": 0.42007000000000105,
        "2026-09-20": -7.285779999999999
      },
      "excluding_top3": -8.037899999999999,
      "top1": 0.70537,
      "day_bootstrap_ci95": [
        -14.571559999999998,
        0.8401400000000021
      ],
      "window_bootstrap_ci95": [
        -21.58032,
        3.0761100000000026
      ]
    }
  },
  "policy_selected": {
    "210_favorite": 193,
    "210_aligned": 162,
    "210_buffer": 107,
    "240_favorite": 128,
    "240_aligned": 105,
    "240_buffer": 59,
    "270_favorite": 51,
    "270_aligned": 27,
    "270_buffer": 16
  },
  "source_sha256": "e6ae9ceccdb305c152f56a29a7232996816ba301309e69122403c913ea8bc711"
}
