{
  "description": "Exploratory, conditional on observed fills. Not an executable backtest. Early fills unchanged; late completion only, FIFO cash cap .98. Same-second order uncertain.",
  "delta": {
    "records": 1842,
    "windows": 1842,
    "shares": 41991.294075,
    "pnl": 244.94764511265095,
    "positive_windows": 88,
    "days": {
      "2026-09-13": -90.66909509547007,
      "2026-09-14": -399.1258287985369,
      "2026-09-15": 8.110117042193055,
      "2026-09-16": -229.42813612133128,
      "2026-09-17": 247.11110055819364,
      "2026-09-18": 304.3052398167803,
      "2026-09-19": 438.91939709675563,
      "2026-09-20": -34.27514938593353
    },
    "excluding_top3": -814.937662527349,
    "top1": 546.9635296399999,
    "day_bootstrap_ci95": [
      -1182.1255682781382,
      1713.6234992393586
    ],
    "window_bootstrap_ci95": [
      -2084.255277294088,
      2575.355791822588
    ]
  },
  "affected": {
    "records": 364,
    "windows": 364,
    "shares": 41991.294075,
    "pnl": 244.94764511265095,
    "positive_windows": 88,
    "days": {
      "2026-09-13": -90.66909509547007,
      "2026-09-14": -399.1258287985369,
      "2026-09-15": 8.110117042193055,
      "2026-09-16": -229.42813612133128,
      "2026-09-17": 247.11110055819364,
      "2026-09-18": 304.3052398167803,
      "2026-09-19": 438.91939709675563,
      "2026-09-20": -34.27514938593353
    },
    "excluding_top3": -814.937662527349,
    "top1": 546.9635296399999,
    "day_bootstrap_ci95": [
      -1252.5281932690848,
      1690.8015747706079
    ],
    "window_bootstrap_ci95": [
      -2075.3816190714083,
      2579.7799402868154
    ]
  },
  "improved": 88,
  "worse": 276,
  "baseline_pnl": 3583.0359590000003,
  "variant_pnl": 3827.9836041126528,
  "excluding_ambiguous_order": {
    "records": 1801,
    "windows": 1801,
    "shares": 40030.509656,
    "pnl": 352.9551041774685,
    "positive_windows": 84,
    "days": {
      "2026-09-13": -2.456683554993642,
      "2026-09-14": -382.51632479853686,
      "2026-09-15": -60.65624295780698,
      "2026-09-16": -157.00208544967413,
      "2026-09-17": 319.02692418737223,
      "2026-09-18": 398.2344198551291,
      "2026-09-19": 272.60024628191223,
      "2026-09-20": -34.27514938593353
    },
    "excluding_top3": -706.9302034625314,
    "top1": 546.9635296399999,
    "day_bootstrap_ci95": [
      -1000.170492605111,
      1687.9800022045806
    ],
    "window_bootstrap_ci95": [
      -1773.6191631049378,
      2789.6539535785005
    ]
  }
}
