transaction-aligned 410 / 6162
execution markets 1 / 69
execution markets 31 / 69
execution markets 61 / 69
{
  "matched_transactions": 410,
  "requested_transactions": 6162,
  "missing": {
    "book": 8
  },
  "actual": {
    "records": 403,
    "windows": 67,
    "shares": 20016.087256,
    "pnl": 1008.6177160000001,
    "positive_windows": 34,
    "days": {
      "2026-09-19": -114.69461000000001,
      "2026-09-20": 1123.312326
    },
    "excluding_top3": 200.11007200000006,
    "top1": 376.25363500000003,
    "day_bootstrap_ci95": [
      -229.38922000000002,
      2246.624652
    ],
    "window_bootstrap_ci95": [
      -564.239117,
      2685.504445
    ]
  },
  "direction_mid_component": 999.1235046400001,
  "price_mid_component": 9.494211359999932,
  "five_share_actor_price": {
    "records": 403,
    "windows": 67,
    "shares": 2015.0,
    "pnl": 95.4537654460765,
    "positive_windows": 37,
    "days": {
      "2026-09-19": -10.239686328763497,
      "2026-09-20": 105.69345177484001
    },
    "excluding_top3": -32.94623160105088,
    "top1": 57.99999820811278,
    "day_bootstrap_ci95": [
      -20.479372657526994,
      211.38690354968003
    ],
    "window_bootstrap_ci95": [
      -88.84873893176929,
      302.09269736123235
    ]
  },
  "five_share_prior_ask": {
    "records": 403,
    "windows": 67,
    "shares": 2015.0,
    "pnl": 20.186019999999967,
    "positive_windows": 36,
    "days": {
      "2026-09-19": -23.58595,
      "2026-09-20": 43.77196999999995
    },
    "excluding_top3": -94.33807,
    "top1": 50.753769999999975,
    "day_bootstrap_ci95": [
      -47.1719,
      87.5439399999999
    ],
    "window_bootstrap_ci95": [
      -161.82948000000002,
      215.96357999999992
    ]
  },
  "caveat": "Paired pre-fill quote benchmark, not a tradable backtest. Actor-selected times; price is API VWAP; five-share comparison weights each activity record equally. Midpoint is not executable. No inferred cancellations/queue rank/maker role."
}
