{
  "btc_15m": {
    "markets": 598,
    "fills": 5439,
    "shares": 312727.816199,
    "pnl": 4563.552489,
    "gross_pnl": 5816.621838930232,
    "cents_per_share": 1.4592729692123219,
    "ex_top3": 3160.2742659999994,
    "equal5_per_window": 51.951848212917604,
    "positive_days": 6,
    "pair_cash_pnl": -2111.1458626723415,
    "residual_cash_pnl": 6674.698351672341,
    "both_sides": 426,
    "balanced": 107,
    "first_age_median": 151.0,
    "first_fraction_median": 0.16777777777777778,
    "first_price_median": 0.48878108333333337,
    "first_share_median": 49.805,
    "first_paid_above_60": 166,
    "fill_qty_median": 26.5,
    "paid_average": 0.5122081990623775,
    "cheap_below30_share": 0.24538405902201094,
    "above60_share": 0.393803473828606,
    "prestart_share": 0.0,
    "afterend_share": 0.0038911973414787375,
    "last20_share": 0.022281970624467535,
    "lastthird_share": 0.4743633061428783,
    "last20_pnl": 423.515436,
    "lastthird_pnl": 1365.187044,
    "completion_share": 0.33052183076105435,
    "add_share": 0.4395470693196352,
    "ambiguous_windows": 17
  },
  "btc_1h": {
    "markets": 181,
    "fills": 1429,
    "shares": 77245.522955,
    "pnl": 2921.837507,
    "gross_pnl": 3004.0393470581903,
    "cents_per_share": 3.7825331426678805,
    "ex_top3": 1666.524276,
    "equal5_per_window": 18.13492998640138,
    "positive_days": 7,
    "pair_cash_pnl": 2391.8249293523227,
    "residual_cash_pnl": 530.0125776476772,
    "both_sides": 129,
    "balanced": 34,
    "first_age_median": 151,
    "first_fraction_median": 0.041944444444444444,
    "first_price_median": 0.4699999999999999,
    "first_share_median": 49.77717,
    "first_paid_above_60": 40,
    "fill_qty_median": 30.0,
    "paid_average": 0.4606432326405369,
    "cheap_below30_share": 0.32178781890674046,
    "above60_share": 0.3485753253128455,
    "prestart_share": 0.0,
    "afterend_share": 0.003940422543029698,
    "last20_share": 0.013362507359828645,
    "lastthird_share": 0.3879339363325565,
    "last20_pnl": 367.019098,
    "lastthird_pnl": 1732.891301,
    "completion_share": 0.3659330363581976,
    "add_share": 0.40354713023510275,
    "ambiguous_windows": 0
  },
  "btc_5m": {
    "markets": 1857,
    "fills": 19862,
    "shares": 839970.040368,
    "pnl": 8919.204382,
    "gross_pnl": 10718.529642144595,
    "cents_per_share": 1.061847917586727,
    "ex_top3": 6659.467412,
    "equal5_per_window": -46.07467828505789,
    "positive_days": 7,
    "pair_cash_pnl": 14708.147739434069,
    "residual_cash_pnl": -5788.943357434069,
    "both_sides": 1200,
    "balanced": 300,
    "first_age_median": 44,
    "first_fraction_median": 0.14666666666666667,
    "first_price_median": 0.4400000030033251,
    "first_share_median": 50.0,
    "first_paid_above_60": 465,
    "fill_qty_median": 13.203774,
    "paid_average": 0.45050113724915186,
    "cheap_below30_share": 0.3636370833478555,
    "above60_share": 0.3055617341441764,
    "prestart_share": 0.0,
    "afterend_share": 0.005958270584040541,
    "last20_share": 0.0330570336149549,
    "lastthird_share": 0.3328364307940271,
    "last20_pnl": 1773.6910919999998,
    "lastthird_pnl": 4822.443939000001,
    "completion_share": 0.29996896007935164,
    "add_share": 0.49378294801239325,
    "ambiguous_windows": 43
  },
  "eth_15m": {
    "markets": 126,
    "fills": 200,
    "shares": 3338.281203,
    "pnl": 118.301749,
    "gross_pnl": 119.92030900119096,
    "cents_per_share": 3.543792203415525,
    "ex_top3": 43.711749,
    "equal5_per_window": 18.637947037239858,
    "positive_days": 6,
    "pair_cash_pnl": 1.6586104254053993,
    "residual_cash_pnl": 116.6431385745946,
    "both_sides": 13,
    "balanced": 9,
    "first_age_median": 191.0,
    "first_fraction_median": 0.21222222222222223,
    "first_price_median": 0.5349999999999999,
    "first_share_median": 22.666667,
    "first_paid_above_60": 47,
    "fill_qty_median": 13.94,
    "paid_average": 0.5475211457193709,
    "cheap_below30_share": 0.17052481423327237,
    "above60_share": 0.4368483645684057,
    "prestart_share": 0.0,
    "afterend_share": 0.04493230434428445,
    "last20_share": 0.049209975137016644,
    "lastthird_share": 0.29369558895125825,
    "last20_pnl": 34.067299,
    "lastthird_pnl": 60.373407,
    "completion_share": 0.08683139597092833,
    "add_share": 0.22425736912972696,
    "ambiguous_windows": 0
  },
  "eth_1h": {
    "markets": 127,
    "fills": 653,
    "shares": 13123.382269,
    "pnl": -250.53553899999997,
    "gross_pnl": -218.79889900298622,
    "cents_per_share": -1.909077506580099,
    "ex_top3": -405.11933899999997,
    "equal5_per_window": 12.255587317348212,
    "positive_days": 2,
    "pair_cash_pnl": -467.71208910827966,
    "residual_cash_pnl": 217.17655010827966,
    "both_sides": 94,
    "balanced": 49,
    "first_age_median": 651,
    "first_fraction_median": 0.18083333333333335,
    "first_price_median": 0.58,
    "first_share_median": 23.215715,
    "first_paid_above_60": 59,
    "fill_qty_median": 10.0,
    "paid_average": 0.5836513201397167,
    "cheap_below30_share": 0.19736908160622904,
    "above60_share": 0.5502564386970538,
    "prestart_share": 0.0,
    "afterend_share": 0.0,
    "last20_share": 0.004228330689648373,
    "lastthird_share": 0.26496388101212903,
    "last20_pnl": 14.3366,
    "lastthird_pnl": 45.377753000000006,
    "completion_share": 0.3731832368069229,
    "add_share": 0.31378646560706996,
    "ambiguous_windows": 1
  },
  "eth_5m": {
    "markets": 582,
    "fills": 1438,
    "shares": 38960.328424,
    "pnl": 1422.249697,
    "gross_pnl": 1503.2549070164835,
    "cents_per_share": 3.650507463699608,
    "ex_top3": 974.839115,
    "equal5_per_window": 118.65450465074936,
    "positive_days": 7,
    "pair_cash_pnl": -303.39960061033617,
    "residual_cash_pnl": 1725.6492976103361,
    "both_sides": 101,
    "balanced": 32,
    "first_age_median": 123.0,
    "first_fraction_median": 0.41,
    "first_price_median": 0.49,
    "first_share_median": 23.2834395,
    "first_paid_above_60": 213,
    "fill_qty_median": 12.0,
    "paid_average": 0.5257018960184934,
    "cheap_below30_share": 0.28434027689499236,
    "above60_share": 0.45054002681833244,
    "prestart_share": 0.0,
    "afterend_share": 0.009171123921529703,
    "last20_share": 0.06877474280605413,
    "lastthird_share": 0.2969547695309746,
    "last20_pnl": 118.841008,
    "lastthird_pnl": 702.883926,
    "completion_share": 0.13152908333399219,
    "add_share": 0.3222354707940899,
    "ambiguous_windows": 5
  },
  "sol_15m": {
    "markets": 140,
    "fills": 345,
    "shares": 5838.268405,
    "pnl": 148.701764,
    "gross_pnl": 156.52644399779305,
    "cents_per_share": 2.5470182883789496,
    "ex_top3": 89.456767,
    "equal5_per_window": 39.292954504366485,
    "positive_days": 7,
    "pair_cash_pnl": -308.6923795573327,
    "residual_cash_pnl": 457.3941435573327,
    "both_sides": 55,
    "balanced": 29,
    "first_age_median": 204.0,
    "first_fraction_median": 0.22666666666666666,
    "first_price_median": 0.8,
    "first_share_median": 29.9989475,
    "first_paid_above_60": 119,
    "fill_qty_median": 15.0,
    "paid_average": 0.7180460854471454,
    "cheap_below30_share": 0.05651305937175391,
    "above60_share": 0.7844875792414001,
    "prestart_share": 0.0,
    "afterend_share": 0.0,
    "last20_share": 0.005138509900351181,
    "lastthird_share": 0.16960615842052915,
    "last20_pnl": 0.8999999999999986,
    "lastthird_pnl": 107.236894,
    "completion_share": 0.2390647956172546,
    "add_share": 0.23406946138852625,
    "ambiguous_windows": 0
  },
  "sol_1h": {
    "markets": 75,
    "fills": 196,
    "shares": 3592.419399,
    "pnl": 205.989924,
    "gross_pnl": 208.6580840037861,
    "cents_per_share": 5.734016581063452,
    "ex_top3": 98.58992599999999,
    "equal5_per_window": 28.392692838290557,
    "positive_days": 5,
    "pair_cash_pnl": -121.70784578167134,
    "residual_cash_pnl": 327.69776978167135,
    "both_sides": 28,
    "balanced": 15,
    "first_age_median": 702,
    "first_fraction_median": 0.195,
    "first_price_median": 0.68,
    "first_share_median": 16.46875,
    "first_paid_above_60": 41,
    "fill_qty_median": 10.0,
    "paid_average": 0.6625751413274783,
    "cheap_below30_share": 0.10592350578719276,
    "above60_share": 0.669563850943897,
    "prestart_share": 0.0,
    "afterend_share": 0.0,
    "last20_share": 0.0,
    "lastthird_share": 0.19551106120724965,
    "last20_pnl": 0,
    "lastthird_pnl": -33.772763,
    "completion_share": 0.1735488835667542,
    "add_share": 0.297833201573801,
    "ambiguous_windows": 2
  },
  "sol_5m": {
    "markets": 376,
    "fills": 549,
    "shares": 16490.662717,
    "pnl": 1242.133361,
    "gross_pnl": 1246.6126610111562,
    "cents_per_share": 7.532343498357416,
    "ex_top3": 1057.721262,
    "equal5_per_window": 155.99719825407612,
    "positive_days": 8,
    "pair_cash_pnl": -354.9417292544244,
    "residual_cash_pnl": 1597.0750902544244,
    "both_sides": 31,
    "balanced": 10,
    "first_age_median": 158.5,
    "first_fraction_median": 0.5283333333333333,
    "first_price_median": 0.75,
    "first_share_median": 24.0157145,
    "first_paid_above_60": 249,
    "fill_qty_median": 16.595334,
    "paid_average": 0.7349776785201835,
    "cheap_below30_share": 0.04891406499803437,
    "above60_share": 0.7553899193607527,
    "prestart_share": 0.0,
    "afterend_share": 0.030450773241656133,
    "last20_share": 0.05794786076213216,
    "lastthird_share": 0.37741350501238324,
    "last20_pnl": 124.378326,
    "lastthird_pnl": 713.548969,
    "completion_share": 0.04921395391607657,
    "add_share": 0.17288056871486615,
    "ambiguous_windows": 2
  }
}
excluded 0 Counter()
