{
  "btc_15m": {
    "all": {
      "records": 5439,
      "shares": 312727.816199,
      "pnl": 4563.552489000001,
      "price": 0.5122081990623775,
      "rsi_weak_share": {
        "5": 0.20971818791221977,
        "10": 0.2091664293123701
      },
      "cheap_rsi_share": {
        "5": 0.16031865066360643,
        "10": 0.15738978359276948
      },
      "weak_then_minute_turn_share": 0.0494750145767477
    },
    "first": {
      "records": 598,
      "shares": 43010.854679000004,
      "pnl": 2325.566804,
      "price": 0.5444917825228506,
      "rsi_weak_share": {
        "5": 0.15170754647165516,
        "10": 0.1370989641337929
      },
      "cheap_rsi_share": {
        "5": 0.10324662665139224,
        "10": 0.08863804431352997
      },
      "weak_then_minute_turn_share": 0.01917671678825557
    },
    "add": {
      "records": 2783,
      "shares": 137458.595105,
      "pnl": 5231.989484,
      "price": 0.5005942207283408,
      "rsi_weak_share": {
        "5": 0.17825478439004305,
        "10": 0.18018634169133213
      },
      "cheap_rsi_share": {
        "5": 0.1423962091570076,
        "10": 0.1400632972881278
      },
      "weak_then_minute_turn_share": 0.046848698235864315
    },
    "last20_add": {
      "records": 45,
      "shares": 3573.000357,
      "pnl": 398.129025,
      "price": 0.7370070973659296,
      "rsi_weak_share": {
        "5": 0.0,
        "10": 0.0
      },
      "cheap_rsi_share": {
        "5": 0.0,
        "10": 0.0
      },
      "weak_then_minute_turn_share": 0.0
    },
    "lastthird_add": {
      "records": 1164,
      "shares": 65711.78745,
      "pnl": 3364.404407,
      "price": 0.4925558777354488,
      "rsi_weak_share": {
        "5": 0.1756306863328217,
        "10": 0.18741654880976763
      },
      "cheap_rsi_share": {
        "5": 0.14934383012282523,
        "10": 0.15028397826667245
      },
      "weak_then_minute_turn_share": 0.05264524877872577
    }
  },
  "btc_1h": {
    "all": {
      "records": 1429,
      "shares": 77245.522955,
      "pnl": 2921.837507,
      "price": 0.4606432326405369,
      "rsi_weak_share": {
        "5": 0.2591891940153414,
        "10": 0.2589748778146518
      },
      "cheap_rsi_share": {
        "5": 0.22443774351944903,
        "10": 0.22399040410509707
      },
      "weak_then_minute_turn_share": 0.05401165059663749
    },
    "first": {
      "records": 181,
      "shares": 12885.349312,
      "pnl": -743.238994,
      "price": 0.4892031467963047,
      "rsi_weak_share": {
        "5": 0.1681607928922866,
        "10": 0.1805384162021544
      },
      "cheap_rsi_share": {
        "5": 0.14228644583911765,
        "10": 0.15466406914898542
      },
      "weak_then_minute_turn_share": 0.042257891021464614
    },
    "add": {
      "records": 661,
      "shares": 31172.209112,
      "pnl": 559.120913,
      "price": 0.4892281940046803,
      "rsi_weak_share": {
        "5": 0.24592283240038082,
        "10": 0.2465002698202097
      },
      "cheap_rsi_share": {
        "5": 0.2069734283771476,
        "10": 0.2069734283771476
      },
      "weak_then_minute_turn_share": 0.03787600371080174
    },
    "last20_add": {
      "records": 8,
      "shares": 354.93286,
      "pnl": 80.94951800000001,
      "price": 0.20847146978727188,
      "rsi_weak_share": {
        "5": 0.11653931675979508,
        "10": 0.11653931675979508
      },
      "cheap_rsi_share": {
        "5": 0.03201628893982935,
        "10": 0.03201628893982935
      },
      "weak_then_minute_turn_share": 0.03201628893982935
    },
    "lastthird_add": {
      "records": 214,
      "shares": 9645.820027,
      "pnl": -44.953404999999975,
      "price": 0.31684903537958164,
      "rsi_weak_share": {
        "5": 0.47315264883907004,
        "10": 0.47315264883907004
      },
      "cheap_rsi_share": {
        "5": 0.38022236686295163,
        "10": 0.38022236686295163
      },
      "weak_then_minute_turn_share": 0.056741838689501806
    }
  },
  "btc_5m": {
    "all": {
      "records": 19862,
      "shares": 839970.040368,
      "pnl": 8919.204382,
      "price": 0.45050113724915186,
      "rsi_weak_share": {
        "5": 0.26561393011380985,
        "10": 0.2643867471222017
      },
      "cheap_rsi_share": {
        "5": 0.17777694558674745,
        "10": 0.17556224760991843
      },
      "weak_then_minute_turn_share": 0.04602031830928699
    },
    "first": {
      "records": 1857,
      "shares": 116315.165848,
      "pnl": 3061.477155,
      "price": 0.4908055096409563,
      "rsi_weak_share": {
        "5": 0.19330928462401037,
        "10": 0.19408069953234014
      },
      "cheap_rsi_share": {
        "5": 0.11607942246881263,
        "10": 0.11285049332391679
      },
      "weak_then_minute_turn_share": 0.023797865255312238
    },
    "add": {
      "records": 12197,
      "shares": 414762.882775,
      "pnl": 491.7229690000005,
      "price": 0.416356455383883,
      "rsi_weak_share": {
        "5": 0.21689123527430135,
        "10": 0.21379755034662648
      },
      "cheap_rsi_share": {
        "5": 0.15931704607918432,
        "10": 0.15746338254773212
      },
      "weak_then_minute_turn_share": 0.04538841221048315
    },
    "last20_add": {
      "records": 271,
      "shares": 11889.227392,
      "pnl": 1888.805825,
      "price": 0.5777070614043143,
      "rsi_weak_share": {
        "5": 0.35445962601705105,
        "10": 0.35445962601705105
      },
      "cheap_rsi_share": {
        "5": 0.14406573930552677,
        "10": 0.14406573930552677
      },
      "weak_then_minute_turn_share": 0.09909059067982202
    },
    "lastthird_add": {
      "records": 3666,
      "shares": 133646.725039,
      "pnl": 3255.311636,
      "price": 0.38634052904725286,
      "rsi_weak_share": {
        "5": 0.2923505758378915,
        "10": 0.29308013310142744
      },
      "cheap_rsi_share": {
        "5": 0.21286755876508132,
        "10": 0.21338050251271146
      },
      "weak_then_minute_turn_share": 0.07753038248394276
    }
  },
  "eth_15m": {
    "all": {
      "records": 200,
      "shares": 3338.281203,
      "pnl": 118.301749,
      "price": 0.5475211457193709,
      "rsi_weak_share": {
        "5": 0.12732641295107816,
        "10": 0.1177938127700622
      },
      "cheap_rsi_share": {
        "5": 0.10221944235654613,
        "10": 0.09268684217553017
      },
      "weak_then_minute_turn_share": 0.015999446347420242
    },
    "first": {
      "records": 126,
      "shares": 2232.567504,
      "pnl": 105.862959,
      "price": 0.5462821495049406,
      "rsi_weak_share": {
        "5": 0.1115749017907411,
        "10": 0.09975331075140471
      },
      "cheap_rsi_share": {
        "5": 0.08164786581969348,
        "10": 0.0698262747803571
      },
      "weak_then_minute_turn_share": 0.00690684602923433
    },
    "add": {
      "records": 51,
      "shares": 748.63416,
      "pnl": 14.043314,
      "price": 0.5309327081735089,
      "rsi_weak_share": {
        "5": 0.094788915322806,
        "10": 0.08753570635889765
      },
      "cheap_rsi_share": {
        "5": 0.094788915322806,
        "10": 0.08753570635889765
      },
      "weak_then_minute_turn_share": 0.0
    },
    "last20_add": {
      "records": 3,
      "shares": 55.454127,
      "pnl": 18.7361,
      "price": 0.6621333521308522,
      "rsi_weak_share": {
        "5": 0.0,
        "10": 0.0
      },
      "cheap_rsi_share": {
        "5": 0.0,
        "10": 0.0
      },
      "weak_then_minute_turn_share": 0.0
    },
    "lastthird_add": {
      "records": 23,
      "shares": 305.633313,
      "pnl": -12.742488000000002,
      "price": 0.34716966536956007,
      "rsi_weak_share": {
        "5": 0.23218090758319923,
        "10": 0.21441451966330646
      },
      "cheap_rsi_share": {
        "5": 0.23218090758319923,
        "10": 0.21441451966330646
      },
      "weak_then_minute_turn_share": 0.0
    }
  },
  "eth_1h": {
    "all": {
      "records": 653,
      "shares": 13123.382269,
      "pnl": -250.53553900000003,
      "price": 0.5836513201397167,
      "rsi_weak_share": {
        "5": 0.13368104929352798,
        "10": 0.13931983954463592
      },
      "cheap_rsi_share": {
        "5": 0.10540971623357351,
        "10": 0.11104850648468145
      },
      "weak_then_minute_turn_share": 0.022967180092892864
    },
    "first": {
      "records": 127,
      "shares": 3274.377841,
      "pnl": -394.37966,
      "price": 0.5698434021988606,
      "rsi_weak_share": {
        "5": 0.11371478677191549,
        "10": 0.13784150758305844
      },
      "cheap_rsi_share": {
        "5": 0.09844471030916678,
        "10": 0.12257143112030973
      },
      "weak_then_minute_turn_share": 0.03088148433386616
    },
    "add": {
      "records": 244,
      "shares": 4117.939739,
      "pnl": -57.85702,
      "price": 0.662901293369315,
      "rsi_weak_share": {
        "5": 0.10461007501401903,
        "10": 0.10339587560438557
      },
      "cheap_rsi_share": {
        "5": 0.07993863311849693,
        "10": 0.07872443370886345
      },
      "weak_then_minute_turn_share": 0.013594272026329911
    },
    "last20_add": {
      "records": 1,
      "shares": 31.82,
      "pnl": 9.8642,
      "price": 0.69,
      "rsi_weak_share": {
        "5": 1.0,
        "10": 1.0
      },
      "cheap_rsi_share": {
        "5": 0.0,
        "10": 0.0
      },
      "weak_then_minute_turn_share": 0.0
    },
    "lastthird_add": {
      "records": 29,
      "shares": 455.431061,
      "pnl": 31.143355999999997,
      "price": 0.580574356126316,
      "rsi_weak_share": {
        "5": 0.16568446129764522,
        "10": 0.16568446129764522
      },
      "cheap_rsi_share": {
        "5": 0.09581658726610216,
        "10": 0.09581658726610216
      },
      "weak_then_minute_turn_share": 0.0
    }
  },
  "eth_5m": {
    "all": {
      "records": 1438,
      "shares": 38960.328424,
      "pnl": 1422.249697,
      "price": 0.5257018960184934,
      "rsi_weak_share": {
        "5": 0.1690432601934372,
        "10": 0.16500882631265984
      },
      "cheap_rsi_share": {
        "5": 0.07315445437170116,
        "10": 0.06861874196504848
      },
      "weak_then_minute_turn_share": 0.025467881795081863
    },
    "first": {
      "records": 582,
      "shares": 19774.330746,
      "pnl": 1206.328883,
      "price": 0.5388075585392558,
      "rsi_weak_share": {
        "5": 0.14337096265943078,
        "10": 0.13956379092922044
      },
      "cheap_rsi_share": {
        "5": 0.06649076299413892,
        "10": 0.06268359126392858
      },
      "weak_then_minute_turn_share": 0.03253418400165764
    },
    "add": {
      "records": 613,
      "shares": 12554.399772,
      "pnl": 80.16096000000003,
      "price": 0.509688727395099,
      "rsi_weak_share": {
        "5": 0.11585633104053107,
        "10": 0.10777720548757432
      },
      "cheap_rsi_share": {
        "5": 0.0649053855858048,
        "10": 0.056427993282481236
      },
      "weak_then_minute_turn_share": 0.017900414522501632
    },
    "last20_add": {
      "records": 66,
      "shares": 924.483637,
      "pnl": 3.0264490000000057,
      "price": 0.3971592641612109,
      "rsi_weak_share": {
        "5": 0.19982814363214088,
        "10": 0.19982814363214088
      },
      "cheap_rsi_share": {
        "5": 0.1331747194569329,
        "10": 0.1331747194569329
      },
      "weak_then_minute_turn_share": 0.05167897417312536
    },
    "lastthird_add": {
      "records": 244,
      "shares": 4118.479551,
      "pnl": 298.364318,
      "price": 0.326650554006842,
      "rsi_weak_share": {
        "5": 0.14038902460001554,
        "10": 0.1196347171082506
      },
      "cheap_rsi_share": {
        "5": 0.12116614561770345,
        "10": 0.10041183812593853
      },
      "weak_then_minute_turn_share": 0.0386332973199701
    }
  },
  "sol_15m": {
    "all": {
      "records": 345,
      "shares": 5838.268405,
      "pnl": 148.70176400000003,
      "price": 0.7180460854471454,
      "rsi_weak_share": {
        "5": 0.12922937242040006,
        "10": 0.13896342300829864
      },
      "cheap_rsi_share": {
        "5": 0.05075878932633622,
        "10": 0.05075878932633622
      },
      "weak_then_minute_turn_share": 0.02953148588583947
    },
    "first": {
      "records": 140,
      "shares": 2969.983621,
      "pnl": 192.04674500000002,
      "price": 0.7779091614054393,
      "rsi_weak_share": {
        "5": 0.05351425370705773,
        "10": 0.06024829757806937
      },
      "cheap_rsi_share": {
        "5": 0.005454575535519426,
        "10": 0.005454575535519426
      },
      "weak_then_minute_turn_share": 6.734043871011639e-05
    },
    "add": {
      "records": 89,
      "shares": 1366.560341,
      "pnl": -17.174670999999996,
      "price": 0.7876161854751206,
      "rsi_weak_share": {
        "5": 0.11928401923380565,
        "10": 0.14623489648014013
      },
      "cheap_rsi_share": {
        "5": 0.0,
        "10": 0.0
      },
      "weak_then_minute_turn_share": 0.0
    },
    "last20_add": {
      "records": 0,
      "shares": 0,
      "pnl": 0,
      "price": null,
      "rsi_weak_share": {
        "5": null,
        "10": null
      },
      "cheap_rsi_share": {
        "5": null,
        "10": null
      },
      "weak_then_minute_turn_share": null
    },
    "lastthird_add": {
      "records": 3,
      "shares": 32.802778,
      "pnl": 1.9288999999999996,
      "price": 0.9411970534934571,
      "rsi_weak_share": {
        "5": 0.0,
        "10": 0.0
      },
      "cheap_rsi_share": {
        "5": 0.0,
        "10": 0.0
      },
      "weak_then_minute_turn_share": 0.0
    }
  },
  "sol_1h": {
    "all": {
      "records": 196,
      "shares": 3592.419399,
      "pnl": 205.989924,
      "price": 0.6625751413274783,
      "rsi_weak_share": {
        "5": 0.051370743085111595,
        "10": 0.056254688708187776
      },
      "cheap_rsi_share": {
        "5": 0.04469353774358682,
        "10": 0.0451932513907461
      },
      "weak_then_minute_turn_share": 0.016476361311398208
    },
    "first": {
      "records": 75,
      "shares": 1837.860923,
      "pnl": 173.058827,
      "price": 0.6268504420451187,
      "rsi_weak_share": {
        "5": 0.08731630178961045,
        "10": 0.08727167817365906
      },
      "cheap_rsi_share": {
        "5": 0.08179415543294621,
        "10": 0.08174953181699483
      },
      "weak_then_minute_turn_share": 0.027205540622945168
    },
    "add": {
      "records": 64,
      "shares": 1069.941771,
      "pnl": 55.910695999999994,
      "price": 0.7302788742136136,
      "rsi_weak_share": {
        "5": 0.012933773944600952,
        "10": 0.012933773944600952
      },
      "cheap_rsi_share": {
        "5": 0.0,
        "10": 0.0
      },
      "weak_then_minute_turn_share": 0.0
    },
    "last20_add": {
      "records": 0,
      "shares": 0,
      "pnl": 0,
      "price": null,
      "rsi_weak_share": {
        "5": null,
        "10": null
      },
      "cheap_rsi_share": {
        "5": null,
        "10": null
      },
      "weak_then_minute_turn_share": null
    },
    "lastthird_add": {
      "records": 10,
      "shares": 169.815112,
      "pnl": -54.644767,
      "price": 0.7219349948077648,
      "rsi_weak_share": {
        "5": 0.08149089228289647,
        "10": 0.08149089228289647
      },
      "cheap_rsi_share": {
        "5": 0.0,
        "10": 0.0
      },
      "weak_then_minute_turn_share": 0.0
    }
  },
  "sol_5m": {
    "all": {
      "records": 549,
      "shares": 16490.662717,
      "pnl": 1242.133361,
      "price": 0.7349776785201835,
      "rsi_weak_share": {
        "5": 0.16738096366221375,
        "10": 0.17556741464461303
      },
      "cheap_rsi_share": {
        "5": 0.03160007823474545,
        "10": 0.031106292379092387
      },
      "weak_then_minute_turn_share": 0.008538339387346043
    },
    "first": {
      "records": 376,
      "shares": 12413.716756,
      "pnl": 858.823666,
      "price": 0.7174669711788936,
      "rsi_weak_share": {
        "5": 0.15602286237631954,
        "10": 0.16634554497966347
      },
      "cheap_rsi_share": {
        "5": 0.03532897170285654,
        "10": 0.03532897170285654
      },
      "weak_then_minute_turn_share": 0.00811640050924326
    },
    "add": {
      "records": 123,
      "shares": 2850.915149,
      "pnl": 254.297287,
      "price": 0.7834369121029214,
      "rsi_weak_share": {
        "5": 0.11697749444313608,
        "10": 0.11697749444313608
      },
      "cheap_rsi_share": {
        "5": 0.013831257311825385,
        "10": 0.013831257311825385
      },
      "weak_then_minute_turn_share": 0.013831257311825385
    },
    "last20_add": {
      "records": 13,
      "shares": 303.380136,
      "pnl": 24.659931,
      "price": 0.8496579453046326,
      "rsi_weak_share": {
        "5": 0.32972409571337263,
        "10": 0.32972409571337263
      },
      "cheap_rsi_share": {
        "5": 0.001423102401140726,
        "10": 0.001423102401140726
      },
      "weak_then_minute_turn_share": 0.001423102401140726
    },
    "lastthird_add": {
      "records": 48,
      "shares": 1071.75224,
      "pnl": 111.566444,
      "price": 0.7666568058677442,
      "rsi_weak_share": {
        "5": 0.12972376992652707,
        "10": 0.12972376992652707
      },
      "cheap_rsi_share": {
        "5": 0.03679184379404703,
        "10": 0.03679184379404703
      },
      "weak_then_minute_turn_share": 0.03679184379404703
    }
  }
}
