  [20:39:48] SURUM: kaynak_sha=eaa3752e68ec oturum=3722584 kapi=False esik_bps=16.4 boy_testi=False klip_buyuk=25.0 tamamla_acik=False tamamla_tavan=1.02 px_tavan_maker=0.4 a_uyum=False a_cift_tavan=0.8 a_uyum_ara=20.0 vol_kapisi=False vol_esik=15.0 a_oran=0.5 tohum=20260918 delta_tik_b=[2, 4] yenileme_ara=20.0 taraf_tavan=10.0 gec_kes=200.0 ucuz_esik=0.25 gec_ust=0.1 gec_esik=180.0 c_oran=0.5 c_px=[0.15, 0.6] c_t=[3.0, 200.0] c_taze_max=30.0 c_max_islem=60
  [20:39:48] hazir: mod=KURU klip=5.0 fiyatlar=[0.34, 0.3, 0.26, 0.22, 0.2, 0.16] fiyatlar_b=[0.2, 0.16, 0.12, 0.09, 0.06, 0.03] kesici=-100.0 denge_siniri=10.0 amac=DERIN MERDIVEN v4 - mutlak fiyat noktalari
  [20:39:48] basladi: mod=KURU gorulen_pencere=0
  [20:39:48] mutabakat: pnl=0.0 yerel=0.0 etkin=0.0 pencere=0 risk=0.0 emir=0 dolum=0 pay=0.0 geri_cekilen=0 red=0
  [20:40:06] BOY: S=1789850400 klip=5.0 kol=A
  [20:40:06] pencere: sym=btc S=1789850400 kol=A vol=None tokens=['106762898887070712285716192377878989772955458954866443488386318284901851823416', '64168890051892902243096493128194299452286991127480780528837387630807599685463'] emir=12 kabul=[6, 6] fiyatlar=[(0, 0.34, 0.34, 0.34), (0, 0.3, 0.3, 0.3), (0, 0.26, 0.26, 0.26), (0, 0.22, 0.22, 0.22), (0, 0.2, 0.2, 0.2), (0, 0.16, 0.16, 0.16), (1, 0.34, 0.34, 0.34), (1, 0.3, 0.3, 0.3), (1, 0.26, 0.26, 0.26), (1, 0.22, 0.22, 0.22), (1, 0.2, 0.2, 0.2), (1, 0.16, 0.16, 0.16)]
  [20:43:20] GEC_UCUZ_KESILDI: sym=btc S=1789850400 iptal=6 fiyatlar=[0.16, 0.2, 0.22] kalan_acik=6
  [20:44:08] mutabakat: pnl=0.0 yerel=0.0 etkin=0.0 pencere=0 risk=4.5 emir=12 dolum=0 pay=0.0 geri_cekilen=0 red=0
  [20:45:05] BOY: S=1789850700 klip=5.0 kol=A
  [20:45:05] pencere: sym=btc S=1789850700 kol=A vol=None tokens=['88263013343235964785214998182235740577152493520784244594002786066631026488681', '74268240786370014180307693249627791428569550958563526029374890484499628550573'] emir=12 kabul=[6, 6] fiyatlar=[(0, 0.34, 0.34, 0.34), (0, 0.3, 0.3, 0.3), (0, 0.26, 0.26, 0.26), (0, 0.22, 0.22, 0.22), (0, 0.2, 0.2, 0.2), (0, 0.16, 0.16, 0.16), (1, 0.34, 0.34, 0.34), (1, 0.3, 0.3, 0.3), (1, 0.26, 0.26, 0.26), (1, 0.22, 0.22, 0.22), (1, 0.2, 0.2, 0.2), (1, 0.16, 0.16, 0.16)]
  [20:48:05] COZULDU: sym=btc S=1789850400 kol=A kazanan=0 pay=0.0 maliyet=0 pnl=0 geri_cekildi=None emirler=[{'oi': 0, 'p': 0.34, 'ofs': 0.34, 'hedef_ofs': 0.34, 'bb': 0.53, 'pay': 0.0, 'durum': 'kapali', 'gecikme_ms': None}, {'oi': 0, 'p': 0.3, 'ofs': 0.3, 'hedef_ofs': 0.3, 'bb': 0.53, 'pay': 0.0, 'durum': 'kapali', 'gecikme_ms': None}, {'oi': 0, 'p': 0.26, 'ofs': 0.26, 'hedef_ofs': 0.26, 'bb': 0.53, 'pay': 0.0, 'durum': 'kapali', 'gecikme_ms': None}, {'oi': 0, 'p': 0.22, 'ofs': 0.22, 'hedef_ofs': 0.22, 'bb': 0.53, 'pay': 0.0, 'durum': 'kapali', 'gecikme_ms': None}, {'oi': 0, 'p': 0.2, 'ofs': 0.2, 'hedef_ofs': 0.2, 'bb': 0.53, 'pay': 0.0, 'durum': 'kapali', 'gecikme_ms': None}, {'oi': 0, 'p': 0.16, 'ofs': 0.16, 'hedef_ofs': 0.16, 'bb': 0.53, 'pay': 0.0, 'durum': 'kapali', 'gecikme_ms': None}, {'oi': 1, 'p': 0.34, 'ofs': 0.34, 'hedef_ofs': 0.34, 'bb': 0.46, 'pay': 0.0, 'durum': 'kapali', 'gecikme_ms': None}, {'oi': 1, 'p': 0.3, 'ofs': 0.3, 'hedef_ofs': 0.3, 'bb': 0.46, 'pay': 0.0, 'durum': 'kapali', 'gecikme_ms': None}, {'oi': 1, 'p': 0.26, 'ofs': 0.26, 'hedef_ofs': 0.26, 'bb': 0.46, 'pay': 0.0, 'durum': 'kapali', 'gecikme_ms': None}, {'oi': 1, 'p': 0.22, 'ofs': 0.22, 'hedef_ofs': 0.22, 'bb': 0.46, 'pay': 0.0, 'durum': 'kapali', 'gecikme_ms': None}, {'oi': 1, 'p': 0.2, 'ofs': 0.2, 'hedef_ofs': 0.2, 'bb': 0.46, 'pay': 0.0, 'durum': 'kapali', 'gecikme_ms': None}, {'oi': 1, 'p': 0.16, 'ofs': 0.16, 'hedef_ofs': 0.16, 'bb': 0.46, 'pay': 0.0, 'durum': 'kapali', 'gecikme_ms': None}]
  [20:48:20] GEC_UCUZ_KESILDI: sym=btc S=1789850700 iptal=6 fiyatlar=[0.16, 0.2, 0.22] kalan_acik=6
  [20:48:28] mutabakat: pnl=0.0 yerel=0.0 etkin=0.0 pencere=0 risk=4.5 emir=24 dolum=0 pay=0.0 geri_cekilen=0 red=0
  [20:50:05] BOY: S=1789851000 klip=5.0 kol=C
  [20:50:05] pencere: sym=btc S=1789851000 kol=C vol=None tokens=['35106213697074487065768756722494090375378640518003667759203478517182506089866', '84461294101416605329380268461961736270744386728999993221116315195515972627063'] emir=0 kabul=[0, 0] fiyatlar=[] taze=True
  [20:50:11] taze_koy: sym=btc S=1789851000 oi=0 p=0.5 bb=0.5 ba=0.51 bb_boy=8.8 tp=11.8 ms=0
  [20:50:13] taze_koy: sym=btc S=1789851000 oi=1 p=0.51 bb=0.51 ba=0.52 bb_boy=27.6 tp=13.7 ms=0
  [20:50:13] taze_koy: sym=btc S=1789851000 oi=0 p=0.48 bb=0.47 ba=0.49 bb_boy=40.7 tp=14.0 ms=0
  [20:50:16] taze_koy: sym=btc S=1789851000 oi=0 p=0.45 bb=0.45 ba=0.46 bb_boy=25.0 tp=16.1 ms=0
  [20:50:17] taze_koy: sym=btc S=1789851000 oi=1 p=0.54 bb=0.53 ba=0.56 bb_boy=51.0 tp=17.2 ms=0
  [20:50:18] taze_koy: sym=btc S=1789851000 oi=0 p=0.45 bb=0.45 ba=0.46 bb_boy=5.0 tp=18.4 ms=0
  [20:50:20] taze_koy: sym=btc S=1789851000 oi=0 p=0.44 bb=0.44 ba=0.45 bb_boy=12.5 tp=21.0 ms=0
  [20:50:22] taze_koy: sym=btc S=1789851000 oi=1 p=0.56 bb=0.56 ba=0.57 bb_boy=10.0 tp=22.4 ms=0
  [20:50:23] taze_koy: sym=btc S=1789851000 oi=0 p=0.43 bb=0.42 ba=0.44 bb_boy=65.0 tp=23.9 ms=0
  [20:50:25] taze_koy: sym=btc S=1789851000 oi=0 p=0.44 bb=0.44 ba=0.45 bb_boy=14.5 tp=25.9 ms=0
  [20:50:26] taze_koy: sym=btc S=1789851000 oi=1 p=0.55 bb=0.55 ba=0.56 bb_boy=21.0 tp=26.9 ms=0
  [20:50:29] taze_koy: sym=btc S=1789851000 oi=1 p=0.52 bb=0.52 ba=0.53 bb_boy=30.0 tp=29.1 ms=0
  [20:50:40] taze_koy: sym=btc S=1789851000 oi=0 p=0.47 bb=0.46 ba=0.48 bb_boy=40.0 tp=40.5 ms=0
  [20:50:43] taze_koy: sym=btc S=1789851000 oi=0 p=0.46 bb=0.45 ba=0.47 bb_boy=15.0 tp=43.0 ms=0
  [20:50:45] taze_koy: sym=btc S=1789851000 oi=0 p=0.35 bb=0.34 ba=0.36 bb_boy=289.2 tp=45.1 ms=0
  [20:50:48] taze_koy: sym=btc S=1789851000 oi=0 p=0.38 bb=0.38 ba=0.39 bb_boy=23.5 tp=48.7 ms=0
  [20:50:53] taze_koy: sym=btc S=1789851000 oi=0 p=0.37 bb=0.37 ba=0.38 bb_boy=24.2 tp=53.3 ms=0
  [20:50:59] taze_koy: sym=btc S=1789851000 oi=0 p=0.31 bb=0.3 ba=0.32 bb_boy=238.4 tp=59.4 ms=0
  [20:51:02] taze_koy: sym=btc S=1789851000 oi=0 p=0.3 bb=0.3 ba=0.31 bb_boy=28.0 tp=62.1 ms=0
  [20:51:08] taze_koy: sym=btc S=1789851000 oi=0 p=0.26 bb=0.26 ba=0.27 bb_boy=10.0 tp=68.6 ms=0
  [20:51:10] taze_koy: sym=btc S=1789851000 oi=0 p=0.25 bb=0.25 ba=0.26 bb_boy=20.3 tp=70.8 ms=0
  [20:51:13] taze_koy: sym=btc S=1789851000 oi=0 p=0.15 bb=0.14 ba=0.17 bb_boy=10.0 tp=73.4 ms=0
  [20:51:13] taze_ws_hata: S=1789851000 err=received 1013 (try again later) slow consumer: send buffer full; then sent 1013  deneme=1
  [20:51:20] taze_koy: sym=btc S=1789851000 oi=0 p=0.15 bb=0.14 ba=0.17 bb_boy=44.0 tp=80.8 ms=0
  [20:51:24] taze_koy: sym=btc S=1789851000 oi=0 p=0.15 bb=0.14 ba=0.18 bb_boy=42.4 tp=84.6 ms=0
  [20:51:26] taze_koy: sym=btc S=1789851000 oi=0 p=0.17 bb=0.17 ba=0.18 bb_boy=15.0 tp=86.6 ms=0
  [20:51:29] taze_koy: sym=btc S=1789851000 oi=0 p=0.15 bb=0.14 ba=0.16 bb_boy=18.4 tp=89.5 ms=0
  [20:51:31] taze_koy: sym=btc S=1789851000 oi=0 p=0.15 bb=0.15 ba=0.16 bb_boy=20.0 tp=91.9 ms=0
  [20:51:34] taze_koy: sym=btc S=1789851000 oi=0 p=0.15 bb=0.14 ba=0.16 bb_boy=128.3 tp=94.7 ms=0
  [20:51:37] taze_koy: sym=btc S=1789851000 oi=0 p=0.16 bb=0.16 ba=0.17 bb_boy=30.0 tp=97.4 ms=0
  [20:51:39] taze_koy: sym=btc S=1789851000 oi=0 p=0.15 bb=0.15 ba=0.16 bb_boy=30.0 tp=99.6 ms=0
  [20:51:47] taze_koy: sym=btc S=1789851000 oi=0 p=0.15 bb=0.14 ba=0.2 bb_boy=946.0 tp=107.3 ms=0
  [20:51:47] taze_koy: sym=btc S=1789851000 oi=1 p=0.59 bb=0.58 ba=0.69 bb_boy=40.0 tp=107.9 ms=0
  [20:51:49] taze_koy: sym=btc S=1789851000 oi=1 p=0.59 bb=0.59 ba=0.6 bb_boy=23.3 tp=109.0 ms=0
  [20:51:49] bitti: sebep=sure pnl=0.0 yerel=0.0 pencere=3 emir=57 dolum=0 pay=0.0 geri_cekilen=0 red=0 bilinmeyen=0 risk=2.95
